Archive member included to satisfy reference by file (symbol)

c:/st/stm32cubeide_1.10.1/stm32cubeide/plugins/com.st.stm32cube.ide.mcu.externaltools.gnu-tools-for-stm32.10.3-2021.10.win32_1.0.0.202111181127/tools/bin/../lib/gcc/arm-none-eabi/10.3.1/../../../../arm-none-eabi/lib/thumb/v7e-m+fp/hard\libc_nano.a(lib_a-errno.o)
                              ./Core/Src/syscalls.o (__errno)
c:/st/stm32cubeide_1.10.1/stm32cubeide/plugins/com.st.stm32cube.ide.mcu.externaltools.gnu-tools-for-stm32.10.3-2021.10.win32_1.0.0.202111181127/tools/bin/../lib/gcc/arm-none-eabi/10.3.1/../../../../arm-none-eabi/lib/thumb/v7e-m+fp/hard\libc_nano.a(lib_a-exit.o)
                              c:/st/stm32cubeide_1.10.1/stm32cubeide/plugins/com.st.stm32cube.ide.mcu.externaltools.gnu-tools-for-stm32.10.3-2021.10.win32_1.0.0.202111181127/tools/bin/../lib/gcc/arm-none-eabi/10.3.1/../../../../arm-none-eabi/lib/thumb/v7e-m+fp/hard/crt0.o (exit)
c:/st/stm32cubeide_1.10.1/stm32cubeide/plugins/com.st.stm32cube.ide.mcu.externaltools.gnu-tools-for-stm32.10.3-2021.10.win32_1.0.0.202111181127/tools/bin/../lib/gcc/arm-none-eabi/10.3.1/../../../../arm-none-eabi/lib/thumb/v7e-m+fp/hard\libc_nano.a(lib_a-impure.o)
                              c:/st/stm32cubeide_1.10.1/stm32cubeide/plugins/com.st.stm32cube.ide.mcu.externaltools.gnu-tools-for-stm32.10.3-2021.10.win32_1.0.0.202111181127/tools/bin/../lib/gcc/arm-none-eabi/10.3.1/../../../../arm-none-eabi/lib/thumb/v7e-m+fp/hard\libc_nano.a(lib_a-exit.o) (_global_impure_ptr)
c:/st/stm32cubeide_1.10.1/stm32cubeide/plugins/com.st.stm32cube.ide.mcu.externaltools.gnu-tools-for-stm32.10.3-2021.10.win32_1.0.0.202111181127/tools/bin/../lib/gcc/arm-none-eabi/10.3.1/../../../../arm-none-eabi/lib/thumb/v7e-m+fp/hard\libc_nano.a(lib_a-init.o)
                              c:/st/stm32cubeide_1.10.1/stm32cubeide/plugins/com.st.stm32cube.ide.mcu.externaltools.gnu-tools-for-stm32.10.3-2021.10.win32_1.0.0.202111181127/tools/bin/../lib/gcc/arm-none-eabi/10.3.1/../../../../arm-none-eabi/lib/thumb/v7e-m+fp/hard/crt0.o (__libc_init_array)
c:/st/stm32cubeide_1.10.1/stm32cubeide/plugins/com.st.stm32cube.ide.mcu.externaltools.gnu-tools-for-stm32.10.3-2021.10.win32_1.0.0.202111181127/tools/bin/../lib/gcc/arm-none-eabi/10.3.1/../../../../arm-none-eabi/lib/thumb/v7e-m+fp/hard\libc_nano.a(lib_a-memcpy-stub.o)
                              ./USB_DEVICE/App/usbd_cdc_if.o (memcpy)
c:/st/stm32cubeide_1.10.1/stm32cubeide/plugins/com.st.stm32cube.ide.mcu.externaltools.gnu-tools-for-stm32.10.3-2021.10.win32_1.0.0.202111181127/tools/bin/../lib/gcc/arm-none-eabi/10.3.1/../../../../arm-none-eabi/lib/thumb/v7e-m+fp/hard\libc_nano.a(lib_a-memset.o)
                              c:/st/stm32cubeide_1.10.1/stm32cubeide/plugins/com.st.stm32cube.ide.mcu.externaltools.gnu-tools-for-stm32.10.3-2021.10.win32_1.0.0.202111181127/tools/bin/../lib/gcc/arm-none-eabi/10.3.1/../../../../arm-none-eabi/lib/thumb/v7e-m+fp/hard/crt0.o (memset)

Discarded input sections

 .text          0x0000000000000000        0x0 c:/st/stm32cubeide_1.10.1/stm32cubeide/plugins/com.st.stm32cube.ide.mcu.externaltools.gnu-tools-for-stm32.10.3-2021.10.win32_1.0.0.202111181127/tools/bin/../lib/gcc/arm-none-eabi/10.3.1/thumb/v7e-m+fp/hard/crti.o
 .data          0x0000000000000000        0x0 c:/st/stm32cubeide_1.10.1/stm32cubeide/plugins/com.st.stm32cube.ide.mcu.externaltools.gnu-tools-for-stm32.10.3-2021.10.win32_1.0.0.202111181127/tools/bin/../lib/gcc/arm-none-eabi/10.3.1/thumb/v7e-m+fp/hard/crti.o
 .bss           0x0000000000000000        0x0 c:/st/stm32cubeide_1.10.1/stm32cubeide/plugins/com.st.stm32cube.ide.mcu.externaltools.gnu-tools-for-stm32.10.3-2021.10.win32_1.0.0.202111181127/tools/bin/../lib/gcc/arm-none-eabi/10.3.1/thumb/v7e-m+fp/hard/crti.o
 .data          0x0000000000000000        0x4 c:/st/stm32cubeide_1.10.1/stm32cubeide/plugins/com.st.stm32cube.ide.mcu.externaltools.gnu-tools-for-stm32.10.3-2021.10.win32_1.0.0.202111181127/tools/bin/../lib/gcc/arm-none-eabi/10.3.1/thumb/v7e-m+fp/hard/crtbegin.o
 .rodata        0x0000000000000000       0x24 c:/st/stm32cubeide_1.10.1/stm32cubeide/plugins/com.st.stm32cube.ide.mcu.externaltools.gnu-tools-for-stm32.10.3-2021.10.win32_1.0.0.202111181127/tools/bin/../lib/gcc/arm-none-eabi/10.3.1/thumb/v7e-m+fp/hard/crtbegin.o
 .text          0x0000000000000000       0x7c c:/st/stm32cubeide_1.10.1/stm32cubeide/plugins/com.st.stm32cube.ide.mcu.externaltools.gnu-tools-for-stm32.10.3-2021.10.win32_1.0.0.202111181127/tools/bin/../lib/gcc/arm-none-eabi/10.3.1/../../../../arm-none-eabi/lib/thumb/v7e-m+fp/hard/crt0.o
 .data          0x0000000000000000        0x0 c:/st/stm32cubeide_1.10.1/stm32cubeide/plugins/com.st.stm32cube.ide.mcu.externaltools.gnu-tools-for-stm32.10.3-2021.10.win32_1.0.0.202111181127/tools/bin/../lib/gcc/arm-none-eabi/10.3.1/../../../../arm-none-eabi/lib/thumb/v7e-m+fp/hard/crt0.o
[...]
Memory Configuration

Name             Origin             Length             Attributes
CCMRAM           0x0000000010000000 0x0000000000004000 xrw
RAM              0x0000000020000000 0x0000000000010000 xrw
FLASH            0x0000000008000000 0x0000000000080000 xr
*default*        0x0000000000000000 0xffffffffffffffff

Linker script and memory map

LOAD c:/st/stm32cubeide_1.10.1/stm32cubeide/plugins/com.st.stm32cube.ide.mcu.externaltools.gnu-tools-for-stm32.10.3-2021.10.win32_1.0.0.202111181127/tools/bin/../lib/gcc/arm-none-eabi/10.3.1/thumb/v7e-m+fp/hard/crti.o
LOAD c:/st/stm32cubeide_1.10.1/stm32cubeide/plugins/com.st.stm32cube.ide.mcu.externaltools.gnu-tools-for-stm32.10.3-2021.10.win32_1.0.0.202111181127/tools/bin/../lib/gcc/arm-none-eabi/10.3.1/thumb/v7e-m+fp/hard/crtbegin.o
LOAD c:/st/stm32cubeide_1.10.1/stm32cubeide/plugins/com.st.stm32cube.ide.mcu.externaltools.gnu-tools-for-stm32.10.3-2021.10.win32_1.0.0.202111181127/tools/bin/../lib/gcc/arm-none-eabi/10.3.1/../../../../arm-none-eabi/lib/thumb/v7e-m+fp/hard/crt0.o
LOAD ./Core/Src/main.o
LOAD ./Core/Src/stm32f3xx_hal_msp.o
LOAD ./Core/Src/stm32f3xx_it.o
LOAD ./Core/Src/syscalls.o
LOAD ./Core/Src/sysmem.o
LOAD ./Core/Src/system_stm32f3xx.o
LOAD ./Core/Startup/startup_stm32f303retx.o
LOAD ./Drivers/STM32F3xx_HAL_Driver/Src/stm32f3xx_hal.o
LOAD ./Drivers/STM32F3xx_HAL_Driver/Src/stm32f3xx_hal_cortex.o
LOAD ./Drivers/STM32F3xx_HAL_Driver/Src/stm32f3xx_hal_dma.o
LOAD ./Drivers/STM32F3xx_HAL_Driver/Src/stm32f3xx_hal_exti.o
LOAD ./Drivers/STM32F3xx_HAL_Driver/Src/stm32f3xx_hal_flash.o
LOAD ./Drivers/STM32F3xx_HAL_Driver/Src/stm32f3xx_hal_flash_ex.o
LOAD ./Drivers/STM32F3xx_HAL_Driver/Src/stm32f3xx_hal_gpio.o
LOAD ./Drivers/STM32F3xx_HAL_Driver/Src/stm32f3xx_hal_i2c.o
LOAD ./Drivers/STM32F3xx_HAL_Driver/Src/stm32f3xx_hal_i2c_ex.o
LOAD ./Drivers/STM32F3xx_HAL_Driver/Src/stm32f3xx_hal_pcd.o
LOAD ./Drivers/STM32F3xx_HAL_Driver/Src/stm32f3xx_hal_pcd_ex.o
LOAD ./Drivers/STM32F3xx_HAL_Driver/Src/stm32f3xx_hal_pwr.o
LOAD ./Drivers/STM32F3xx_HAL_Driver/Src/stm32f3xx_hal_pwr_ex.o
LOAD ./Drivers/STM32F3xx_HAL_Driver/Src/stm32f3xx_hal_rcc.o
LOAD ./Drivers/STM32F3xx_HAL_Driver/Src/stm32f3xx_hal_rcc_ex.o
LOAD ./Drivers/STM32F3xx_HAL_Driver/Src/stm32f3xx_hal_tim.o
LOAD ./Drivers/STM32F3xx_HAL_Driver/Src/stm32f3xx_hal_tim_ex.o
LOAD ./Drivers/STM32F3xx_HAL_Driver/Src/stm32f3xx_ll_usb.o
LOAD ./Middlewares/ST/STM32_USB_Device_Library/Class/CDC/Src/usbd_cdc.o
LOAD ./Middlewares/ST/STM32_USB_Device_Library/Core/Src/usbd_core.o
LOAD ./Middlewares/ST/STM32_USB_Device_Library/Core/Src/usbd_ctlreq.o
LOAD ./Middlewares/ST/STM32_USB_Device_Library/Core/Src/usbd_ioreq.o
LOAD ./USB_DEVICE/App/usb_device.o
LOAD ./USB_DEVICE/App/usbd_cdc_if.o
LOAD ./USB_DEVICE/App/usbd_desc.o
LOAD ./USB_DEVICE/Target/usbd_conf.o
START GROUP
LOAD c:/st/stm32cubeide_1.10.1/stm32cubeide/plugins/com.st.stm32cube.ide.mcu.externaltools.gnu-tools-for-stm32.10.3-2021.10.win32_1.0.0.202111181127/tools/bin/../lib/gcc/arm-none-eabi/10.3.1/../../../../arm-none-eabi/lib/thumb/v7e-m+fp/hard\libc_nano.a
LOAD c:/st/stm32cubeide_1.10.1/stm32cubeide/plugins/com.st.stm32cube.ide.mcu.externaltools.gnu-tools-for-stm32.10.3-2021.10.win32_1.0.0.202111181127/tools/bin/../lib/gcc/arm-none-eabi/10.3.1/../../../../arm-none-eabi/lib/thumb/v7e-m+fp/hard\libm.a
END GROUP
START GROUP
LOAD c:/st/stm32cubeide_1.10.1/stm32cubeide/plugins/com.st.stm32cube.ide.mcu.externaltools.gnu-tools-for-stm32.10.3-2021.10.win32_1.0.0.202111181127/tools/bin/../lib/gcc/arm-none-eabi/10.3.1/thumb/v7e-m+fp/hard\libgcc.a
LOAD c:/st/stm32cubeide_1.10.1/stm32cubeide/plugins/com.st.stm32cube.ide.mcu.externaltools.gnu-tools-for-stm32.10.3-2021.10.win32_1.0.0.202111181127/tools/bin/../lib/gcc/arm-none-eabi/10.3.1/../../../../arm-none-eabi/lib/thumb/v7e-m+fp/hard\libc_nano.a
END GROUP
START GROUP
LOAD c:/st/stm32cubeide_1.10.1/stm32cubeide/plugins/com.st.stm32cube.ide.mcu.externaltools.gnu-tools-for-stm32.10.3-2021.10.win32_1.0.0.202111181127/tools/bin/../lib/gcc/arm-none-eabi/10.3.1/thumb/v7e-m+fp/hard\libgcc.a
LOAD c:/st/stm32cubeide_1.10.1/stm32cubeide/plugins/com.st.stm32cube.ide.mcu.externaltools.gnu-tools-for-stm32.10.3-2021.10.win32_1.0.0.202111181127/tools/bin/../lib/gcc/arm-none-eabi/10.3.1/../../../../arm-none-eabi/lib/thumb/v7e-m+fp/hard\libc_nano.a
LOAD c:/st/stm32cubeide_1.10.1/stm32cubeide/plugins/com.st.stm32cube.ide.mcu.externaltools.gnu-tools-for-stm32.10.3-2021.10.win32_1.0.0.202111181127/tools/bin/../lib/gcc/arm-none-eabi/10.3.1/../../../../arm-none-eabi/lib/thumb/v7e-m+fp/hard\libnosys.a
END GROUP
START GROUP
LOAD c:/st/stm32cubeide_1.10.1/stm32cubeide/plugins/com.st.stm32cube.ide.mcu.externaltools.gnu-tools-for-stm32.10.3-2021.10.win32_1.0.0.202111181127/tools/bin/../lib/gcc/arm-none-eabi/10.3.1/thumb/v7e-m+fp/hard\libgcc.a
LOAD c:/st/stm32cubeide_1.10.1/stm32cubeide/plugins/com.st.stm32cube.ide.mcu.externaltools.gnu-tools-for-stm32.10.3-2021.10.win32_1.0.0.202111181127/tools/bin/../lib/gcc/arm-none-eabi/10.3.1/../../../../arm-none-eabi/lib/thumb/v7e-m+fp/hard\libc_nano.a
LOAD c:/st/stm32cubeide_1.10.1/stm32cubeide/plugins/com.st.stm32cube.ide.mcu.externaltools.gnu-tools-for-stm32.10.3-2021.10.win32_1.0.0.202111181127/tools/bin/../lib/gcc/arm-none-eabi/10.3.1/../../../../arm-none-eabi/lib/thumb/v7e-m+fp/hard\libnosys.a
END GROUP
LOAD c:/st/stm32cubeide_1.10.1/stm32cubeide/plugins/com.st.stm32cube.ide.mcu.externaltools.gnu-tools-for-stm32.10.3-2021.10.win32_1.0.0.202111181127/tools/bin/../lib/gcc/arm-none-eabi/10.3.1/thumb/v7e-m+fp/hard/crtend.o
LOAD c:/st/stm32cubeide_1.10.1/stm32cubeide/plugins/com.st.stm32cube.ide.mcu.externaltools.gnu-tools-for-stm32.10.3-2021.10.win32_1.0.0.202111181127/tools/bin/../lib/gcc/arm-none-eabi/10.3.1/thumb/v7e-m+fp/hard/crtn.o
                0x0000000020010000                _estack = (ORIGIN (RAM) + LENGTH (RAM))
                0x0000000000000200                _Min_Heap_Size = 0x200
                0x0000000000000400                _Min_Stack_Size = 0x400

.isr_vector     0x0000000008000000      0x194
                0x0000000008000000                . = ALIGN (0x4)
 *(.isr_vector)
 .isr_vector    0x0000000008000000      0x194 ./Core/Startup/startup_stm32f303retx.o
                0x0000000008000000                g_pfnVectors
                0x0000000008000194                . = ALIGN (0x4)

.text           0x0000000008000194     0x7ee0
                0x0000000008000194                . = ALIGN (0x4)
 *(.text)
 .text          0x0000000008000194       0x40 c:/st/stm32cubeide_1.10.1/stm32cubeide/plugins/com.st.stm32cube.ide.mcu.externaltools.gnu-tools-for-stm32.10.3-2021.10.win32_1.0.0.202111181127/tools/bin/../lib/gcc/arm-none-eabi/10.3.1/thumb/v7e-m+fp/hard/crtbegin.o
 *(.text*)
 .text.main     0x00000000080001d4       0x16 ./Core/Src/main.o
                0x00000000080001d4                main
 .text.SystemClock_Config
                0x00000000080001ea       0xc0 ./Core/Src/main.o
                0x00000000080001ea                SystemClock_Config
 *fill*         0x00000000080002aa        0x2 
 .text.MX_GPIO_Init
                0x00000000080002ac       0x48 ./Core/Src/main.o
 .text.Error_Handler
                0x00000000080002f4        0xa ./Core/Src/main.o
                0x00000000080002f4                Error_Handler
 *fill*         0x00000000080002fe        0x2 
 .text.HAL_MspInit
                0x0000000008000300       0x48 ./Core/Src/stm32f3xx_hal_msp.o
                0x0000000008000300                HAL_MspInit
 .text.NMI_Handler
                0x0000000008000348        0x6 ./Core/Src/stm32f3xx_it.o
                0x0000000008000348                NMI_Handler
 .text.HardFault_Handler
                0x000000000800034e        0x6 ./Core/Src/stm32f3xx_it.o
                0x000000000800034e                HardFault_Handler
 .text.MemManage_Handler
                0x0000000008000354        0x6 ./Core/Src/stm32f3xx_it.o
                0x0000000008000354                MemManage_Handler
 .text.BusFault_Handler
                0x000000000800035a        0x6 ./Core/Src/stm32f3xx_it.o
                0x000000000800035a                BusFault_Handler
 .text.UsageFault_Handler
                0x0000000008000360        0x6 ./Core/Src/stm32f3xx_it.o
                0x0000000008000360                UsageFault_Handler
 .text.SVC_Handler
                0x0000000008000366        0xe ./Core/Src/stm32f3xx_it.o
                0x0000000008000366                SVC_Handler
 .text.DebugMon_Handler
                0x0000000008000374        0xe ./Core/Src/stm32f3xx_it.o
                0x0000000008000374                DebugMon_Handler
 .text.PendSV_Handler
                0x0000000008000382        0xe ./Core/Src/stm32f3xx_it.o
                0x0000000008000382                PendSV_Handler
 .text.SysTick_Handler
                0x0000000008000390        0xc ./Core/Src/stm32f3xx_it.o
                0x0000000008000390                SysTick_Handler
 .text.USB_LP_CAN_RX0_IRQHandler
                0x000000000800039c       0x14 ./Core/Src/stm32f3xx_it.o
                0x000000000800039c                USB_LP_CAN_RX0_IRQHandler
 .text.SystemInit
                0x00000000080003b0       0x24 ./Core/Src/system_stm32f3xx.o
                0x00000000080003b0                SystemInit
 .text.Reset_Handler
                0x00000000080003d4       0x50 ./Core/Startup/startup_stm32f303retx.o
                0x00000000080003d4                Reset_Handler
 .text.Default_Handler
                0x0000000008000424        0x2 ./Core/Startup/startup_stm32f303retx.o
                0x0000000008000424                RTC_Alarm_IRQHandler
                0x0000000008000424                TIM8_TRG_COM_IRQHandler
                0x0000000008000424                TIM8_CC_IRQHandler
                0x0000000008000424                SPI4_IRQHandler
                0x0000000008000424                TIM1_CC_IRQHandler
                0x0000000008000424                USB_HP_IRQHandler
                0x0000000008000424                PVD_IRQHandler
                0x0000000008000424                TAMP_STAMP_IRQHandler
                0x0000000008000424                EXTI3_IRQHandler
                0x0000000008000424                I2C3_ER_IRQHandler
                0x0000000008000424                USB_HP_CAN_TX_IRQHandler
                0x0000000008000424                EXTI0_IRQHandler
                0x0000000008000424                I2C2_EV_IRQHandler
                0x0000000008000424                FPU_IRQHandler
                0x0000000008000424                TIM1_UP_TIM16_IRQHandler
                0x0000000008000424                ADC1_2_IRQHandler
                0x0000000008000424                SPI1_IRQHandler
                0x0000000008000424                CAN_SCE_IRQHandler
                0x0000000008000424                TIM6_DAC_IRQHandler
                0x0000000008000424                TIM8_UP_IRQHandler
                0x0000000008000424                DMA2_Channel2_IRQHandler
                0x0000000008000424                DMA1_Channel4_IRQHandler
                0x0000000008000424                TIM20_TRG_COM_IRQHandler
                0x0000000008000424                USART3_IRQHandler
                0x0000000008000424                DMA1_Channel7_IRQHandler
                0x0000000008000424                UART5_IRQHandler
                0x0000000008000424                ADC3_IRQHandler
                0x0000000008000424                TIM4_IRQHandler
                0x0000000008000424                CAN_RX1_IRQHandler
                0x0000000008000424                DMA2_Channel1_IRQHandler
                0x0000000008000424                I2C1_EV_IRQHandler
                0x0000000008000424                DMA1_Channel6_IRQHandler
                0x0000000008000424                UART4_IRQHandler
                0x0000000008000424                DMA2_Channel4_IRQHandler
                0x0000000008000424                TIM3_IRQHandler
                0x0000000008000424                RCC_IRQHandler
                0x0000000008000424                TIM20_UP_IRQHandler
                0x0000000008000424                DMA1_Channel1_IRQHandler
                0x0000000008000424                Default_Handler
                0x0000000008000424                USBWakeUp_RMP_IRQHandler
                0x0000000008000424                EXTI15_10_IRQHandler
                0x0000000008000424                TIM7_IRQHandler
                0x0000000008000424                I2C3_EV_IRQHandler
                0x0000000008000424                EXTI9_5_IRQHandler
                0x0000000008000424                RTC_WKUP_IRQHandler
                0x0000000008000424                SPI2_IRQHandler
                0x0000000008000424                DMA2_Channel5_IRQHandler
                0x0000000008000424                DMA1_Channel5_IRQHandler
                0x0000000008000424                USB_LP_IRQHandler
                0x0000000008000424                EXTI4_IRQHandler
                0x0000000008000424                TIM1_TRG_COM_TIM17_IRQHandler
                0x0000000008000424                DMA1_Channel3_IRQHandler
                0x0000000008000424                ADC4_IRQHandler
                0x0000000008000424                WWDG_IRQHandler
                0x0000000008000424                TIM2_IRQHandler
                0x0000000008000424                COMP7_IRQHandler
                0x0000000008000424                COMP1_2_3_IRQHandler
                0x0000000008000424                EXTI1_IRQHandler
                0x0000000008000424                USART2_IRQHandler
                0x0000000008000424                COMP4_5_6_IRQHandler
                0x0000000008000424                TIM20_BRK_IRQHandler
                0x0000000008000424                I2C2_ER_IRQHandler
                0x0000000008000424                DMA1_Channel2_IRQHandler
                0x0000000008000424                TIM8_BRK_IRQHandler
                0x0000000008000424                FLASH_IRQHandler
                0x0000000008000424                TIM20_CC_IRQHandler
                0x0000000008000424                USART1_IRQHandler
                0x0000000008000424                SPI3_IRQHandler
                0x0000000008000424                I2C1_ER_IRQHandler
                0x0000000008000424                FMC_IRQHandler
                0x0000000008000424                USBWakeUp_IRQHandler
                0x0000000008000424                DMA2_Channel3_IRQHandler
                0x0000000008000424                EXTI2_TSC_IRQHandler
                0x0000000008000424                TIM1_BRK_TIM15_IRQHandler
 *fill*         0x0000000008000426        0x2 
 .text.HAL_Init
                0x0000000008000428       0x2c ./Drivers/STM32F3xx_HAL_Driver/Src/stm32f3xx_hal.o
                0x0000000008000428                HAL_Init
 .text.HAL_InitTick
                0x0000000008000454       0x60 ./Drivers/STM32F3xx_HAL_Driver/Src/stm32f3xx_hal.o
                0x0000000008000454                HAL_InitTick
 .text.HAL_IncTick
                0x00000000080004b4       0x28 ./Drivers/STM32F3xx_HAL_Driver/Src/stm32f3xx_hal.o
                0x00000000080004b4                HAL_IncTick
 .text.HAL_GetTick
                0x00000000080004dc       0x18 ./Drivers/STM32F3xx_HAL_Driver/Src/stm32f3xx_hal.o
                0x00000000080004dc                HAL_GetTick
 .text.__NVIC_SetPriorityGrouping
                0x00000000080004f4       0x48 ./Drivers/STM32F3xx_HAL_Driver/Src/stm32f3xx_hal_cortex.o
 .text.__NVIC_GetPriorityGrouping
                0x000000000800053c       0x1c ./Drivers/STM32F3xx_HAL_Driver/Src/stm32f3xx_hal_cortex.o
 .text.__NVIC_EnableIRQ
                0x0000000008000558       0x3c ./Drivers/STM32F3xx_HAL_Driver/Src/stm32f3xx_hal_cortex.o
 .text.__NVIC_SetPriority
                0x0000000008000594       0x54 ./Drivers/STM32F3xx_HAL_Driver/Src/stm32f3xx_hal_cortex.o
 .text.NVIC_EncodePriority
                0x00000000080005e8       0x66 ./Drivers/STM32F3xx_HAL_Driver/Src/stm32f3xx_hal_cortex.o
 *fill*         0x000000000800064e        0x2 
 .text.SysTick_Config
                0x0000000008000650       0x44 ./Drivers/STM32F3xx_HAL_Driver/Src/stm32f3xx_hal_cortex.o
 .text.HAL_NVIC_SetPriorityGrouping
                0x0000000008000694       0x16 ./Drivers/STM32F3xx_HAL_Driver/Src/stm32f3xx_hal_cortex.o
                0x0000000008000694                HAL_NVIC_SetPriorityGrouping
 .text.HAL_NVIC_SetPriority
                0x00000000080006aa       0x38 ./Drivers/STM32F3xx_HAL_Driver/Src/stm32f3xx_hal_cortex.o
                0x00000000080006aa                HAL_NVIC_SetPriority
 .text.HAL_NVIC_EnableIRQ
                0x00000000080006e2       0x1c ./Drivers/STM32F3xx_HAL_Driver/Src/stm32f3xx_hal_cortex.o
                0x00000000080006e2                HAL_NVIC_EnableIRQ
 .text.HAL_SYSTICK_Config
                0x00000000080006fe       0x18 ./Drivers/STM32F3xx_HAL_Driver/Src/stm32f3xx_hal_cortex.o
                0x00000000080006fe                HAL_SYSTICK_Config
 .text.HAL_PCD_Init
                0x0000000008000716      0x1bc ./Drivers/STM32F3xx_HAL_Driver/Src/stm32f3xx_hal_pcd.o
                0x0000000008000716                HAL_PCD_Init
 .text.HAL_PCD_Start
                0x00000000080008d2       0x4c ./Drivers/STM32F3xx_HAL_Driver/Src/stm32f3xx_hal_pcd.o
                0x00000000080008d2                HAL_PCD_Start
 .text.HAL_PCD_IRQHandler
                0x000000000800091e      0x1ee ./Drivers/STM32F3xx_HAL_Driver/Src/stm32f3xx_hal_pcd.o
                0x000000000800091e                HAL_PCD_IRQHandler
 .text.HAL_PCD_SetAddress
                0x0000000008000b0c       0x4a ./Drivers/STM32F3xx_HAL_Driver/Src/stm32f3xx_hal_pcd.o
                0x0000000008000b0c                HAL_PCD_SetAddress
 .text.HAL_PCD_EP_Open
                0x0000000008000b56       0xcc ./Drivers/STM32F3xx_HAL_Driver/Src/stm32f3xx_hal_pcd.o
                0x0000000008000b56                HAL_PCD_EP_Open
 .text.HAL_PCD_EP_Close
                0x0000000008000c22       0x90 ./Drivers/STM32F3xx_HAL_Driver/Src/stm32f3xx_hal_pcd.o
                0x0000000008000c22                HAL_PCD_EP_Close
 .text.HAL_PCD_EP_Receive
                0x0000000008000cb2       0x7a ./Drivers/STM32F3xx_HAL_Driver/Src/stm32f3xx_hal_pcd.o
                0x0000000008000cb2                HAL_PCD_EP_Receive
 .text.HAL_PCD_EP_GetRxCount
                0x0000000008000d2c       0x30 ./Drivers/STM32F3xx_HAL_Driver/Src/stm32f3xx_hal_pcd.o
                0x0000000008000d2c                HAL_PCD_EP_GetRxCount
 .text.HAL_PCD_EP_Transmit
                0x0000000008000d5c       0x86 ./Drivers/STM32F3xx_HAL_Driver/Src/stm32f3xx_hal_pcd.o
                0x0000000008000d5c                HAL_PCD_EP_Transmit
 .text.HAL_PCD_EP_SetStall
                0x0000000008000de2       0xa4 ./Drivers/STM32F3xx_HAL_Driver/Src/stm32f3xx_hal_pcd.o
                0x0000000008000de2                HAL_PCD_EP_SetStall
 .text.HAL_PCD_EP_ClrStall
                0x0000000008000e86       0xa8 ./Drivers/STM32F3xx_HAL_Driver/Src/stm32f3xx_hal_pcd.o
                0x0000000008000e86                HAL_PCD_EP_ClrStall
 .text.PCD_EP_ISR_Handler
                0x0000000008000f2e      0x75e ./Drivers/STM32F3xx_HAL_Driver/Src/stm32f3xx_hal_pcd.o
 .text.HAL_PCD_EP_DB_Receive
                0x000000000800168c      0x212 ./Drivers/STM32F3xx_HAL_Driver/Src/stm32f3xx_hal_pcd.o
 .text.HAL_PCD_EP_DB_Transmit
                0x000000000800189e      0x79c ./Drivers/STM32F3xx_HAL_Driver/Src/stm32f3xx_hal_pcd.o
 .text.HAL_PCDEx_PMAConfig
                0x000000000800203a       0x86 ./Drivers/STM32F3xx_HAL_Driver/Src/stm32f3xx_hal_pcd_ex.o
                0x000000000800203a                HAL_PCDEx_PMAConfig
 .text.HAL_RCC_OscConfig
                0x00000000080020c0     0x10a8 ./Drivers/STM32F3xx_HAL_Driver/Src/stm32f3xx_hal_rcc.o
                0x00000000080020c0                HAL_RCC_OscConfig
 .text.HAL_RCC_ClockConfig
                0x0000000008003168      0x2f8 ./Drivers/STM32F3xx_HAL_Driver/Src/stm32f3xx_hal_rcc.o
                0x0000000008003168                HAL_RCC_ClockConfig
 .text.HAL_RCC_GetSysClockFreq
                0x0000000008003460       0xd4 ./Drivers/STM32F3xx_HAL_Driver/Src/stm32f3xx_hal_rcc.o
                0x0000000008003460                HAL_RCC_GetSysClockFreq
 .text.HAL_RCCEx_PeriphCLKConfig
                0x0000000008003534      0x43c ./Drivers/STM32F3xx_HAL_Driver/Src/stm32f3xx_hal_rcc_ex.o
                0x0000000008003534                HAL_RCCEx_PeriphCLKConfig
 .text.USB_EnableGlobalInt
                0x0000000008003970       0x2e ./Drivers/STM32F3xx_HAL_Driver/Src/stm32f3xx_ll_usb.o
                0x0000000008003970                USB_EnableGlobalInt
 .text.USB_DisableGlobalInt
                0x000000000800399e       0x36 ./Drivers/STM32F3xx_HAL_Driver/Src/stm32f3xx_ll_usb.o
                0x000000000800399e                USB_DisableGlobalInt
 .text.USB_DevInit
                0x00000000080039d4       0x42 ./Drivers/STM32F3xx_HAL_Driver/Src/stm32f3xx_ll_usb.o
                0x00000000080039d4                USB_DevInit
 *fill*         0x0000000008003a16        0x2 
 .text.USB_ActivateEndpoint
                0x0000000008003a18      0x728 ./Drivers/STM32F3xx_HAL_Driver/Src/stm32f3xx_ll_usb.o
                0x0000000008003a18                USB_ActivateEndpoint
 .text.USB_DeactivateEndpoint
                0x0000000008004140      0x3da ./Drivers/STM32F3xx_HAL_Driver/Src/stm32f3xx_ll_usb.o
                0x0000000008004140                USB_DeactivateEndpoint
 .text.USB_EPStartXfer
                0x000000000800451a     0x166c ./Drivers/STM32F3xx_HAL_Driver/Src/stm32f3xx_ll_usb.o
                0x000000000800451a                USB_EPStartXfer
 .text.USB_EPSetStall
                0x0000000008005b86       0xa2 ./Drivers/STM32F3xx_HAL_Driver/Src/stm32f3xx_ll_usb.o
                0x0000000008005b86                USB_EPSetStall
 .text.USB_EPClearStall
                0x0000000008005c28      0x15c ./Drivers/STM32F3xx_HAL_Driver/Src/stm32f3xx_ll_usb.o
                0x0000000008005c28                USB_EPClearStall
 .text.USB_SetDevAddress
                0x0000000008005d84       0x28 ./Drivers/STM32F3xx_HAL_Driver/Src/stm32f3xx_ll_usb.o
                0x0000000008005d84                USB_SetDevAddress
 .text.USB_DevConnect
                0x0000000008005dac       0x16 ./Drivers/STM32F3xx_HAL_Driver/Src/stm32f3xx_ll_usb.o
                0x0000000008005dac                USB_DevConnect
 .text.USB_ReadInterrupts
                0x0000000008005dc2       0x20 ./Drivers/STM32F3xx_HAL_Driver/Src/stm32f3xx_ll_usb.o
                0x0000000008005dc2                USB_ReadInterrupts
 .text.USB_WritePMA
                0x0000000008005de2       0x84 ./Drivers/STM32F3xx_HAL_Driver/Src/stm32f3xx_ll_usb.o
                0x0000000008005de2                USB_WritePMA
 .text.USB_ReadPMA
                0x0000000008005e66       0x98 ./Drivers/STM32F3xx_HAL_Driver/Src/stm32f3xx_ll_usb.o
                0x0000000008005e66                USB_ReadPMA
 .text.USBD_CDC_Init
                0x0000000008005efe       0xf4 ./Middlewares/ST/STM32_USB_Device_Library/Class/CDC/Src/usbd_cdc.o
 .text.USBD_CDC_DeInit
                0x0000000008005ff2       0x6e ./Middlewares/ST/STM32_USB_Device_Library/Class/CDC/Src/usbd_cdc.o
 .text.USBD_CDC_Setup
                0x0000000008006060      0x146 ./Middlewares/ST/STM32_USB_Device_Library/Class/CDC/Src/usbd_cdc.o
 .text.USBD_CDC_DataIn
                0x00000000080061a6       0xa6 ./Middlewares/ST/STM32_USB_Device_Library/Class/CDC/Src/usbd_cdc.o
 .text.USBD_CDC_DataOut
                0x000000000800624c       0x56 ./Middlewares/ST/STM32_USB_Device_Library/Class/CDC/Src/usbd_cdc.o
 .text.USBD_CDC_EP0_RxReady
                0x00000000080062a2       0x50 ./Middlewares/ST/STM32_USB_Device_Library/Class/CDC/Src/usbd_cdc.o
 *fill*         0x00000000080062f2        0x2 
 .text.USBD_CDC_GetFSCfgDesc
                0x00000000080062f4       0x20 ./Middlewares/ST/STM32_USB_Device_Library/Class/CDC/Src/usbd_cdc.o
 .text.USBD_CDC_GetHSCfgDesc
                0x0000000008006314       0x20 ./Middlewares/ST/STM32_USB_Device_Library/Class/CDC/Src/usbd_cdc.o
 .text.USBD_CDC_GetOtherSpeedCfgDesc
                0x0000000008006334       0x20 ./Middlewares/ST/STM32_USB_Device_Library/Class/CDC/Src/usbd_cdc.o
 .text.USBD_CDC_GetDeviceQualifierDescriptor
                0x0000000008006354       0x20 ./Middlewares/ST/STM32_USB_Device_Library/Class/CDC/Src/usbd_cdc.o
                0x0000000008006354                USBD_CDC_GetDeviceQualifierDescriptor
 .text.USBD_CDC_RegisterInterface
                0x0000000008006374       0x2e ./Middlewares/ST/STM32_USB_Device_Library/Class/CDC/Src/usbd_cdc.o
                0x0000000008006374                USBD_CDC_RegisterInterface
 .text.USBD_CDC_SetTxBuffer
                0x00000000080063a2       0x34 ./Middlewares/ST/STM32_USB_Device_Library/Class/CDC/Src/usbd_cdc.o
                0x00000000080063a2                USBD_CDC_SetTxBuffer
 .text.USBD_CDC_SetRxBuffer
                0x00000000080063d6       0x28 ./Middlewares/ST/STM32_USB_Device_Library/Class/CDC/Src/usbd_cdc.o
                0x00000000080063d6                USBD_CDC_SetRxBuffer
 .text.USBD_CDC_TransmitPacket
                0x00000000080063fe       0x5e ./Middlewares/ST/STM32_USB_Device_Library/Class/CDC/Src/usbd_cdc.o
                0x00000000080063fe                USBD_CDC_TransmitPacket
 .text.USBD_CDC_ReceivePacket
                0x000000000800645c       0x54 ./Middlewares/ST/STM32_USB_Device_Library/Class/CDC/Src/usbd_cdc.o
                0x000000000800645c                USBD_CDC_ReceivePacket
 .text.USBD_Init
                0x00000000080064b0       0x56 ./Middlewares/ST/STM32_USB_Device_Library/Core/Src/usbd_core.o
                0x00000000080064b0                USBD_Init
 .text.USBD_RegisterClass
                0x0000000008006506       0x34 ./Middlewares/ST/STM32_USB_Device_Library/Core/Src/usbd_core.o
                0x0000000008006506                USBD_RegisterClass
 .text.USBD_Start
                0x000000000800653a       0x18 ./Middlewares/ST/STM32_USB_Device_Library/Core/Src/usbd_core.o
                0x000000000800653a                USBD_Start
 .text.USBD_RunTestMode
                0x0000000008006552       0x16 ./Middlewares/ST/STM32_USB_Device_Library/Core/Src/usbd_core.o
                0x0000000008006552                USBD_RunTestMode
 .text.USBD_SetClassConfig
                0x0000000008006568       0x3e ./Middlewares/ST/STM32_USB_Device_Library/Core/Src/usbd_core.o
                0x0000000008006568                USBD_SetClassConfig
 .text.USBD_ClrClassConfig
                0x00000000080065a6       0x26 ./Middlewares/ST/STM32_USB_Device_Library/Core/Src/usbd_core.o
                0x00000000080065a6                USBD_ClrClassConfig
 .text.USBD_LL_SetupStage
                0x00000000080065cc       0x9a ./Middlewares/ST/STM32_USB_Device_Library/Core/Src/usbd_core.o
                0x00000000080065cc                USBD_LL_SetupStage
 .text.USBD_LL_DataOutStage
                0x0000000008006666       0xe2 ./Middlewares/ST/STM32_USB_Device_Library/Core/Src/usbd_core.o
                0x0000000008006666                USBD_LL_DataOutStage
 .text.USBD_LL_DataInStage
                0x0000000008006748      0x14a ./Middlewares/ST/STM32_USB_Device_Library/Core/Src/usbd_core.o
                0x0000000008006748                USBD_LL_DataInStage
 .text.USBD_LL_Reset
                0x0000000008006892       0x82 ./Middlewares/ST/STM32_USB_Device_Library/Core/Src/usbd_core.o
                0x0000000008006892                USBD_LL_Reset
 .text.USBD_LL_SetSpeed
                0x0000000008006914       0x20 ./Middlewares/ST/STM32_USB_Device_Library/Core/Src/usbd_core.o
                0x0000000008006914                USBD_LL_SetSpeed
 .text.USBD_LL_Suspend
                0x0000000008006934       0x2a ./Middlewares/ST/STM32_USB_Device_Library/Core/Src/usbd_core.o
                0x0000000008006934                USBD_LL_Suspend
 .text.USBD_LL_Resume
                0x000000000800695e       0x2c ./Middlewares/ST/STM32_USB_Device_Library/Core/Src/usbd_core.o
                0x000000000800695e                USBD_LL_Resume
 .text.USBD_LL_SOF
                0x000000000800698a       0x34 ./Middlewares/ST/STM32_USB_Device_Library/Core/Src/usbd_core.o
                0x000000000800698a                USBD_LL_SOF
 *fill*         0x00000000080069be        0x2 
 .text.USBD_StdDevReq
                0x00000000080069c0       0xd4 ./Middlewares/ST/STM32_USB_Device_Library/Core/Src/usbd_ctlreq.o
                0x00000000080069c0                USBD_StdDevReq
 .text.USBD_StdItfReq
                0x0000000008006a94       0x90 ./Middlewares/ST/STM32_USB_Device_Library/Core/Src/usbd_ctlreq.o
                0x0000000008006a94                USBD_StdItfReq
 .text.USBD_StdEPReq
                0x0000000008006b24      0x2c6 ./Middlewares/ST/STM32_USB_Device_Library/Core/Src/usbd_ctlreq.o
                0x0000000008006b24                USBD_StdEPReq
 *fill*         0x0000000008006dea        0x2 
 .text.USBD_GetDescriptor
                0x0000000008006dec      0x2d0 ./Middlewares/ST/STM32_USB_Device_Library/Core/Src/usbd_ctlreq.o
 .text.USBD_SetAddress
                0x00000000080070bc       0x86 ./Middlewares/ST/STM32_USB_Device_Library/Core/Src/usbd_ctlreq.o
 *fill*         0x0000000008007142        0x2 
 .text.USBD_SetConfig
                0x0000000008007144      0x11c ./Middlewares/ST/STM32_USB_Device_Library/Core/Src/usbd_ctlreq.o
 .text.USBD_GetConfig
                0x0000000008007260       0x6a ./Middlewares/ST/STM32_USB_Device_Library/Core/Src/usbd_ctlreq.o
 .text.USBD_GetStatus
                0x00000000080072ca       0x66 ./Middlewares/ST/STM32_USB_Device_Library/Core/Src/usbd_ctlreq.o
 .text.USBD_SetFeature
                0x0000000008007330       0x28 ./Middlewares/ST/STM32_USB_Device_Library/Core/Src/usbd_ctlreq.o
 .text.USBD_ClrFeature
                0x0000000008007358       0x42 ./Middlewares/ST/STM32_USB_Device_Library/Core/Src/usbd_ctlreq.o
 .text.USBD_ParseSetupRequest
                0x000000000800739a       0x7a ./Middlewares/ST/STM32_USB_Device_Library/Core/Src/usbd_ctlreq.o
                0x000000000800739a                USBD_ParseSetupRequest
 .text.USBD_CtlError
                0x0000000008007414       0x22 ./Middlewares/ST/STM32_USB_Device_Library/Core/Src/usbd_ctlreq.o
                0x0000000008007414                USBD_CtlError
 .text.USBD_GetString
                0x0000000008007436       0x84 ./Middlewares/ST/STM32_USB_Device_Library/Core/Src/usbd_ctlreq.o
                0x0000000008007436                USBD_GetString
 .text.USBD_GetLen
                0x00000000080074ba       0x30 ./Middlewares/ST/STM32_USB_Device_Library/Core/Src/usbd_ctlreq.o
 .text.USBD_CtlSendData
                0x00000000080074ea       0x38 ./Middlewares/ST/STM32_USB_Device_Library/Core/Src/usbd_ioreq.o
                0x00000000080074ea                USBD_CtlSendData
 .text.USBD_CtlContinueSendData
                0x0000000008007522       0x24 ./Middlewares/ST/STM32_USB_Device_Library/Core/Src/usbd_ioreq.o
                0x0000000008007522                USBD_CtlContinueSendData
 .text.USBD_CtlPrepareRx
                0x0000000008007546       0x3c ./Middlewares/ST/STM32_USB_Device_Library/Core/Src/usbd_ioreq.o
                0x0000000008007546                USBD_CtlPrepareRx
 .text.USBD_CtlContinueRx
                0x0000000008007582       0x24 ./Middlewares/ST/STM32_USB_Device_Library/Core/Src/usbd_ioreq.o
                0x0000000008007582                USBD_CtlContinueRx
 .text.USBD_CtlSendStatus
                0x00000000080075a6       0x26 ./Middlewares/ST/STM32_USB_Device_Library/Core/Src/usbd_ioreq.o
                0x00000000080075a6                USBD_CtlSendStatus
 .text.USBD_CtlReceiveStatus
                0x00000000080075cc       0x26 ./Middlewares/ST/STM32_USB_Device_Library/Core/Src/usbd_ioreq.o
                0x00000000080075cc                USBD_CtlReceiveStatus
 *fill*         0x00000000080075f2        0x2 
 .text.MX_USB_DEVICE_Init
                0x00000000080075f4       0x60 ./USB_DEVICE/App/usb_device.o
                0x00000000080075f4                MX_USB_DEVICE_Init
 .text.CDC_Init_FS
                0x0000000008007654       0x28 ./USB_DEVICE/App/usbd_cdc_if.o
 .text.CDC_DeInit_FS
                0x000000000800767c       0x10 ./USB_DEVICE/App/usbd_cdc_if.o
 .text.CDC_Control_FS
                0x000000000800768c       0xbc ./USB_DEVICE/App/usbd_cdc_if.o
 .text.CDC_Receive_FS
                0x0000000008007748       0x30 ./USB_DEVICE/App/usbd_cdc_if.o
 .text.CDC_Transmit_FS
                0x0000000008007778       0x4c ./USB_DEVICE/App/usbd_cdc_if.o
                0x0000000008007778                CDC_Transmit_FS
 .text.echo     0x00000000080077c4       0x9e ./USB_DEVICE/App/usbd_cdc_if.o
                0x00000000080077c4                echo
 *fill*         0x0000000008007862        0x2 
 .text.USBD_FS_DeviceDescriptor
                0x0000000008007864       0x24 ./USB_DEVICE/App/usbd_desc.o
                0x0000000008007864                USBD_FS_DeviceDescriptor
 .text.USBD_FS_LangIDStrDescriptor
                0x0000000008007888       0x24 ./USB_DEVICE/App/usbd_desc.o
                0x0000000008007888                USBD_FS_LangIDStrDescriptor
 .text.USBD_FS_ProductStrDescriptor
                0x00000000080078ac       0x3c ./USB_DEVICE/App/usbd_desc.o
                0x00000000080078ac                USBD_FS_ProductStrDescriptor
 .text.USBD_FS_ManufacturerStrDescriptor
                0x00000000080078e8       0x28 ./USB_DEVICE/App/usbd_desc.o
                0x00000000080078e8                USBD_FS_ManufacturerStrDescriptor
 .text.USBD_FS_SerialStrDescriptor
                0x0000000008007910       0x24 ./USB_DEVICE/App/usbd_desc.o
                0x0000000008007910                USBD_FS_SerialStrDescriptor
 .text.USBD_FS_ConfigStrDescriptor
                0x0000000008007934       0x3c ./USB_DEVICE/App/usbd_desc.o
                0x0000000008007934                USBD_FS_ConfigStrDescriptor
 .text.USBD_FS_InterfaceStrDescriptor
                0x0000000008007970       0x3c ./USB_DEVICE/App/usbd_desc.o
                0x0000000008007970                USBD_FS_InterfaceStrDescriptor
 .text.Get_SerialNum
                0x00000000080079ac       0x58 ./USB_DEVICE/App/usbd_desc.o
 .text.IntToUnicode
                0x0000000008007a04       0x7e ./USB_DEVICE/App/usbd_desc.o
 *fill*         0x0000000008007a82        0x2 
 .text.HAL_PCD_MspInit
                0x0000000008007a84       0x4c ./USB_DEVICE/Target/usbd_conf.o
                0x0000000008007a84                HAL_PCD_MspInit
 .text.HAL_PCD_SetupStageCallback
                0x0000000008007ad0       0x24 ./USB_DEVICE/Target/usbd_conf.o
                0x0000000008007ad0                HAL_PCD_SetupStageCallback
 .text.HAL_PCD_DataOutStageCallback
                0x0000000008007af4       0x36 ./USB_DEVICE/Target/usbd_conf.o
                0x0000000008007af4                HAL_PCD_DataOutStageCallback
 .text.HAL_PCD_DataInStageCallback
                0x0000000008007b2a       0x34 ./USB_DEVICE/Target/usbd_conf.o
                0x0000000008007b2a                HAL_PCD_DataInStageCallback
 .text.HAL_PCD_SOFCallback
                0x0000000008007b5e       0x1c ./USB_DEVICE/Target/usbd_conf.o
                0x0000000008007b5e                HAL_PCD_SOFCallback
 .text.HAL_PCD_ResetCallback
                0x0000000008007b7a       0x3c ./USB_DEVICE/Target/usbd_conf.o
                0x0000000008007b7a                HAL_PCD_ResetCallback
 *fill*         0x0000000008007bb6        0x2 
 .text.HAL_PCD_SuspendCallback
                0x0000000008007bb8       0x34 ./USB_DEVICE/Target/usbd_conf.o
                0x0000000008007bb8                HAL_PCD_SuspendCallback
 .text.HAL_PCD_ResumeCallback
                0x0000000008007bec       0x1c ./USB_DEVICE/Target/usbd_conf.o
                0x0000000008007bec                HAL_PCD_ResumeCallback
 .text.USBD_LL_Init
                0x0000000008007c08       0xb8 ./USB_DEVICE/Target/usbd_conf.o
                0x0000000008007c08                USBD_LL_Init
 .text.USBD_LL_Start
                0x0000000008007cc0       0x36 ./USB_DEVICE/Target/usbd_conf.o
                0x0000000008007cc0                USBD_LL_Start
 .text.USBD_LL_OpenEP
                0x0000000008007cf6       0x4c ./USB_DEVICE/Target/usbd_conf.o
                0x0000000008007cf6                USBD_LL_OpenEP
 .text.USBD_LL_CloseEP
                0x0000000008007d42       0x3e ./USB_DEVICE/Target/usbd_conf.o
                0x0000000008007d42                USBD_LL_CloseEP
 .text.USBD_LL_StallEP
                0x0000000008007d80       0x3e ./USB_DEVICE/Target/usbd_conf.o
                0x0000000008007d80                USBD_LL_StallEP
 .text.USBD_LL_ClearStallEP
                0x0000000008007dbe       0x3e ./USB_DEVICE/Target/usbd_conf.o
                0x0000000008007dbe                USBD_LL_ClearStallEP
 .text.USBD_LL_IsStallEP
                0x0000000008007dfc       0x5a ./USB_DEVICE/Target/usbd_conf.o
                0x0000000008007dfc                USBD_LL_IsStallEP
 .text.USBD_LL_SetUSBAddress
                0x0000000008007e56       0x3e ./USB_DEVICE/Target/usbd_conf.o
                0x0000000008007e56                USBD_LL_SetUSBAddress
 .text.USBD_LL_Transmit
                0x0000000008007e94       0x46 ./USB_DEVICE/Target/usbd_conf.o
                0x0000000008007e94                USBD_LL_Transmit
 .text.USBD_LL_PrepareReceive
                0x0000000008007eda       0x46 ./USB_DEVICE/Target/usbd_conf.o
                0x0000000008007eda                USBD_LL_PrepareReceive
 .text.USBD_LL_GetRxDataSize
                0x0000000008007f20       0x26 ./USB_DEVICE/Target/usbd_conf.o
                0x0000000008007f20                USBD_LL_GetRxDataSize
 *fill*         0x0000000008007f46        0x2 
 .text.USBD_static_malloc
                0x0000000008007f48       0x1c ./USB_DEVICE/Target/usbd_conf.o
                0x0000000008007f48                USBD_static_malloc
 .text.USBD_static_free
                0x0000000008007f64       0x14 ./USB_DEVICE/Target/usbd_conf.o
                0x0000000008007f64                USBD_static_free
 .text.HAL_PCDEx_SetConnectionState
                0x0000000008007f78       0x18 ./USB_DEVICE/Target/usbd_conf.o
                0x0000000008007f78                HAL_PCDEx_SetConnectionState
 .text.USBD_Get_USB_Status
                0x0000000008007f90       0x58 ./USB_DEVICE/Target/usbd_conf.o
 .text.__libc_init_array
                0x0000000008007fe8       0x48 c:/st/stm32cubeide_1.10.1/stm32cubeide/plugins/com.st.stm32cube.ide.mcu.externaltools.gnu-tools-for-stm32.10.3-2021.10.win32_1.0.0.202111181127/tools/bin/../lib/gcc/arm-none-eabi/10.3.1/../../../../arm-none-eabi/lib/thumb/v7e-m+fp/hard\libc_nano.a(lib_a-init.o)
                0x0000000008007fe8                __libc_init_array
 .text.memcpy   0x0000000008008030       0x1c c:/st/stm32cubeide_1.10.1/stm32cubeide/plugins/com.st.stm32cube.ide.mcu.externaltools.gnu-tools-for-stm32.10.3-2021.10.win32_1.0.0.202111181127/tools/bin/../lib/gcc/arm-none-eabi/10.3.1/../../../../arm-none-eabi/lib/thumb/v7e-m+fp/hard\libc_nano.a(lib_a-memcpy-stub.o)
                0x0000000008008030                memcpy
 .text.memset   0x000000000800804c       0x10 c:/st/stm32cubeide_1.10.1/stm32cubeide/plugins/com.st.stm32cube.ide.mcu.externaltools.gnu-tools-for-stm32.10.3-2021.10.win32_1.0.0.202111181127/tools/bin/../lib/gcc/arm-none-eabi/10.3.1/../../../../arm-none-eabi/lib/thumb/v7e-m+fp/hard\libc_nano.a(lib_a-memset.o)
                0x000000000800804c                memset
 *(.glue_7)
 .glue_7        0x000000000800805c        0x0 linker stubs
 *(.glue_7t)
 .glue_7t       0x000000000800805c        0x0 linker stubs
 *(.eh_frame)
 .eh_frame      0x000000000800805c        0x0 c:/st/stm32cubeide_1.10.1/stm32cubeide/plugins/com.st.stm32cube.ide.mcu.externaltools.gnu-tools-for-stm32.10.3-2021.10.win32_1.0.0.202111181127/tools/bin/../lib/gcc/arm-none-eabi/10.3.1/thumb/v7e-m+fp/hard/crtbegin.o
 *(.init)
 .init          0x000000000800805c        0x4 c:/st/stm32cubeide_1.10.1/stm32cubeide/plugins/com.st.stm32cube.ide.mcu.externaltools.gnu-tools-for-stm32.10.3-2021.10.win32_1.0.0.202111181127/tools/bin/../lib/gcc/arm-none-eabi/10.3.1/thumb/v7e-m+fp/hard/crti.o
                0x000000000800805c                _init
 .init          0x0000000008008060        0x8 c:/st/stm32cubeide_1.10.1/stm32cubeide/plugins/com.st.stm32cube.ide.mcu.externaltools.gnu-tools-for-stm32.10.3-2021.10.win32_1.0.0.202111181127/tools/bin/../lib/gcc/arm-none-eabi/10.3.1/thumb/v7e-m+fp/hard/crtn.o
 *(.fini)
 .fini          0x0000000008008068        0x4 c:/st/stm32cubeide_1.10.1/stm32cubeide/plugins/com.st.stm32cube.ide.mcu.externaltools.gnu-tools-for-stm32.10.3-2021.10.win32_1.0.0.202111181127/tools/bin/../lib/gcc/arm-none-eabi/10.3.1/thumb/v7e-m+fp/hard/crti.o
                0x0000000008008068                _fini
 .fini          0x000000000800806c        0x8 c:/st/stm32cubeide_1.10.1/stm32cubeide/plugins/com.st.stm32cube.ide.mcu.externaltools.gnu-tools-for-stm32.10.3-2021.10.win32_1.0.0.202111181127/tools/bin/../lib/gcc/arm-none-eabi/10.3.1/thumb/v7e-m+fp/hard/crtn.o
                0x0000000008008074                . = ALIGN (0x4)
                0x0000000008008074                _etext = .

.vfp11_veneer   0x0000000008008074        0x0
 .vfp11_veneer  0x0000000008008074        0x0 linker stubs

.v4_bx          0x0000000008008074        0x0
 .v4_bx         0x0000000008008074        0x0 linker stubs

.iplt           0x0000000008008074        0x0
 .iplt          0x0000000008008074        0x0 c:/st/stm32cubeide_1.10.1/stm32cubeide/plugins/com.st.stm32cube.ide.mcu.externaltools.gnu-tools-for-stm32.10.3-2021.10.win32_1.0.0.202111181127/tools/bin/../lib/gcc/arm-none-eabi/10.3.1/thumb/v7e-m+fp/hard/crtbegin.o

.rodata         0x0000000008008074       0x78
                0x0000000008008074                . = ALIGN (0x4)
 *(.rodata)
 .rodata        0x0000000008008074       0x46 ./USB_DEVICE/App/usbd_desc.o
 *(.rodata*)
 *fill*         0x00000000080080ba        0x2 
 .rodata.AHBPrescTable
                0x00000000080080bc       0x10 ./Core/Src/system_stm32f3xx.o
                0x00000000080080bc                AHBPrescTable
 .rodata.aPLLMULFactorTable
                0x00000000080080cc       0x10 ./Drivers/STM32F3xx_HAL_Driver/Src/stm32f3xx_hal_rcc.o
                0x00000000080080cc                aPLLMULFactorTable
 .rodata.aPredivFactorTable
                0x00000000080080dc       0x10 ./Drivers/STM32F3xx_HAL_Driver/Src/stm32f3xx_hal_rcc.o
                0x00000000080080dc                aPredivFactorTable
                0x00000000080080ec                . = ALIGN (0x4)

.rel.dyn        0x00000000080080ec        0x0
 .rel.iplt      0x00000000080080ec        0x0 c:/st/stm32cubeide_1.10.1/stm32cubeide/plugins/com.st.stm32cube.ide.mcu.externaltools.gnu-tools-for-stm32.10.3-2021.10.win32_1.0.0.202111181127/tools/bin/../lib/gcc/arm-none-eabi/10.3.1/thumb/v7e-m+fp/hard/crtbegin.o

.ARM.extab      0x00000000080080ec        0x0
                0x00000000080080ec                . = ALIGN (0x4)
 *(.ARM.extab* .gnu.linkonce.armextab.*)
                0x00000000080080ec                . = ALIGN (0x4)

.ARM            0x00000000080080ec        0x0
                0x00000000080080ec                . = ALIGN (0x4)
                0x00000000080080ec                __exidx_start = .
 *(.ARM.exidx*)
                0x00000000080080ec                __exidx_end = .
                0x00000000080080ec                . = ALIGN (0x4)

.preinit_array  0x00000000080080ec        0x0
                0x00000000080080ec                . = ALIGN (0x4)
                0x00000000080080ec                PROVIDE (__preinit_array_start = .)
 *(.preinit_array*)
                0x00000000080080ec                PROVIDE (__preinit_array_end = .)
                0x00000000080080ec                . = ALIGN (0x4)

.init_array     0x00000000080080ec        0x4
                0x00000000080080ec                . = ALIGN (0x4)
                0x00000000080080ec                PROVIDE (__init_array_start = .)
 *(SORT_BY_NAME(.init_array.*))
 *(.init_array*)
 .init_array    0x00000000080080ec        0x4 c:/st/stm32cubeide_1.10.1/stm32cubeide/plugins/com.st.stm32cube.ide.mcu.externaltools.gnu-tools-for-stm32.10.3-2021.10.win32_1.0.0.202111181127/tools/bin/../lib/gcc/arm-none-eabi/10.3.1/thumb/v7e-m+fp/hard/crtbegin.o
                0x00000000080080f0                PROVIDE (__init_array_end = .)
                0x00000000080080f0                . = ALIGN (0x4)

.fini_array     0x00000000080080f0        0x4
                0x00000000080080f0                . = ALIGN (0x4)
                [!provide]                        PROVIDE (__fini_array_start = .)
 *(SORT_BY_NAME(.fini_array.*))
 *(.fini_array*)
 .fini_array    0x00000000080080f0        0x4 c:/st/stm32cubeide_1.10.1/stm32cubeide/plugins/com.st.stm32cube.ide.mcu.externaltools.gnu-tools-for-stm32.10.3-2021.10.win32_1.0.0.202111181127/tools/bin/../lib/gcc/arm-none-eabi/10.3.1/thumb/v7e-m+fp/hard/crtbegin.o
                [!provide]                        PROVIDE (__fini_array_end = .)
                0x00000000080080f4                . = ALIGN (0x4)
                0x00000000080080f4                _sidata = LOADADDR (.data)

.data           0x0000000020000000      0x17c load address 0x00000000080080f4
                0x0000000020000000                . = ALIGN (0x4)
                0x0000000020000000                _sdata = .
 *(.data)
 *(.data*)
 .data.SystemCoreClock
                0x0000000020000000        0x4 ./Core/Src/system_stm32f3xx.o
                0x0000000020000000                SystemCoreClock
 .data.uwTickPrio
                0x0000000020000004        0x4 ./Drivers/STM32F3xx_HAL_Driver/Src/stm32f3xx_hal.o
                0x0000000020000004                uwTickPrio
 .data.uwTickFreq
                0x0000000020000008        0x1 ./Drivers/STM32F3xx_HAL_Driver/Src/stm32f3xx_hal.o
                0x0000000020000008                uwTickFreq
 *fill*         0x0000000020000009        0x3 
 .data.USBD_CDC_DeviceQualifierDesc
                0x000000002000000c        0xa ./Middlewares/ST/STM32_USB_Device_Library/Class/CDC/Src/usbd_cdc.o
 *fill*         0x0000000020000016        0x2 
 .data.USBD_CDC
                0x0000000020000018       0x38 ./Middlewares/ST/STM32_USB_Device_Library/Class/CDC/Src/usbd_cdc.o
                0x0000000020000018                USBD_CDC
 .data.USBD_CDC_CfgHSDesc
                0x0000000020000050       0x43 ./Middlewares/ST/STM32_USB_Device_Library/Class/CDC/Src/usbd_cdc.o
                0x0000000020000050                USBD_CDC_CfgHSDesc
 *fill*         0x0000000020000093        0x1 
 .data.USBD_CDC_CfgFSDesc
                0x0000000020000094       0x43 ./Middlewares/ST/STM32_USB_Device_Library/Class/CDC/Src/usbd_cdc.o
                0x0000000020000094                USBD_CDC_CfgFSDesc
 *fill*         0x00000000200000d7        0x1 
 .data.USBD_CDC_OtherSpeedCfgDesc
                0x00000000200000d8       0x43 ./Middlewares/ST/STM32_USB_Device_Library/Class/CDC/Src/usbd_cdc.o
                0x00000000200000d8                USBD_CDC_OtherSpeedCfgDesc
 *fill*         0x000000002000011b        0x1 
 .data.USBD_Interface_fops_FS
                0x000000002000011c       0x10 ./USB_DEVICE/App/usbd_cdc_if.o
                0x000000002000011c                USBD_Interface_fops_FS
 .data.FS_Desc  0x000000002000012c       0x1c ./USB_DEVICE/App/usbd_desc.o
                0x000000002000012c                FS_Desc
 .data.USBD_FS_DeviceDesc
                0x0000000020000148       0x12 ./USB_DEVICE/App/usbd_desc.o
                0x0000000020000148                USBD_FS_DeviceDesc
 *fill*         0x000000002000015a        0x2 
 .data.USBD_LangIDDesc
                0x000000002000015c        0x4 ./USB_DEVICE/App/usbd_desc.o
                0x000000002000015c                USBD_LangIDDesc
 .data.USBD_StringSerial
                0x0000000020000160       0x1a ./USB_DEVICE/App/usbd_desc.o
                0x0000000020000160                USBD_StringSerial
 *(.RamFunc)
 *(.RamFunc*)
                0x000000002000017c                . = ALIGN (0x4)
 *fill*         0x000000002000017a        0x2 
                0x000000002000017c                _edata = .
                0x0000000008008270                _siccmram = LOADADDR (.ccmram)

.igot.plt       0x000000002000017c        0x0 load address 0x0000000008008270
 .igot.plt      0x000000002000017c        0x0 c:/st/stm32cubeide_1.10.1/stm32cubeide/plugins/com.st.stm32cube.ide.mcu.externaltools.gnu-tools-for-stm32.10.3-2021.10.win32_1.0.0.202111181127/tools/bin/../lib/gcc/arm-none-eabi/10.3.1/thumb/v7e-m+fp/hard/crtbegin.o

.ccmram         0x0000000010000000        0x0 load address 0x0000000008008270
                0x0000000010000000                . = ALIGN (0x4)
                0x0000000010000000                _sccmram = .
 *(.ccmram)
 *(.ccmram*)
                0x0000000010000000                . = ALIGN (0x4)
                0x0000000010000000                _eccmram = .
                0x0000000010000000                . = ALIGN (0x4)

.bss            0x000000002000017c     0x11c4
                0x000000002000017c                _sbss = .
                0x000000002000017c                __bss_start__ = _sbss
 *(.bss)
 .bss           0x000000002000017c       0x1c c:/st/stm32cubeide_1.10.1/stm32cubeide/plugins/com.st.stm32cube.ide.mcu.externaltools.gnu-tools-for-stm32.10.3-2021.10.win32_1.0.0.202111181127/tools/bin/../lib/gcc/arm-none-eabi/10.3.1/thumb/v7e-m+fp/hard/crtbegin.o
 *(.bss*)
 .bss.uwTick    0x0000000020000198        0x4 ./Drivers/STM32F3xx_HAL_Driver/Src/stm32f3xx_hal.o
                0x0000000020000198                uwTick
 .bss.cfgidx.0  0x000000002000019c        0x1 ./Middlewares/ST/STM32_USB_Device_Library/Core/Src/usbd_ctlreq.o
 *fill*         0x000000002000019d        0x3 
 .bss.hUsbDeviceFS
                0x00000000200001a0      0x2c4 ./USB_DEVICE/App/usb_device.o
                0x00000000200001a0                hUsbDeviceFS
 .bss.UserRxBufferFS
                0x0000000020000464      0x3e8 ./USB_DEVICE/App/usbd_cdc_if.o
                0x0000000020000464                UserRxBufferFS
 .bss.UserTxBufferFS
                0x000000002000084c      0x3e8 ./USB_DEVICE/App/usbd_cdc_if.o
                0x000000002000084c                UserTxBufferFS
 .bss.USBD_StrDesc
                0x0000000020000c34      0x200 ./USB_DEVICE/App/usbd_desc.o
                0x0000000020000c34                USBD_StrDesc
 .bss.hpcd_USB_FS
                0x0000000020000e34      0x2ec ./USB_DEVICE/Target/usbd_conf.o
                0x0000000020000e34                hpcd_USB_FS
 .bss.mem.0     0x0000000020001120      0x220 ./USB_DEVICE/Target/usbd_conf.o
 *(COMMON)
                0x0000000020001340                . = ALIGN (0x4)
                0x0000000020001340                _ebss = .
                0x0000000020001340                __bss_end__ = _ebss

._user_heap_stack
                0x0000000020001340      0x600
                0x0000000020001340                . = ALIGN (0x8)
                [!provide]                        PROVIDE (end = .)
                0x0000000020001340                PROVIDE (_end = .)
                0x0000000020001540                . = (. + _Min_Heap_Size)
 *fill*         0x0000000020001340      0x200 
                0x0000000020001940                . = (. + _Min_Stack_Size)
 *fill*         0x0000000020001540      0x400 
                0x0000000020001940                . = ALIGN (0x8)

/DISCARD/
 libc.a(*)
 libm.a(*)
 libgcc.a(*)

.ARM.attributes
                0x0000000000000000       0x30
 *(.ARM.attributes)
 .ARM.attributes
                0x0000000000000000       0x1e c:/st/stm32cubeide_1.10.1/stm32cubeide/plugins/com.st.stm32cube.ide.mcu.externaltools.gnu-tools-for-stm32.10.3-2021.10.win32_1.0.0.202111181127/tools/bin/../lib/gcc/arm-none-eabi/10.3.1/thumb/v7e-m+fp/hard/crti.o
 .ARM.attributes
                0x000000000000001e       0x34 c:/st/stm32cubeide_1.10.1/stm32cubeide/plugins/com.st.stm32cube.ide.mcu.externaltools.gnu-tools-for-stm32.10.3-2021.10.win32_1.0.0.202111181127/tools/bin/../lib/gcc/arm-none-eabi/10.3.1/thumb/v7e-m+fp/hard/crtbegin.o
 .ARM.attributes
                0x0000000000000052       0x34 ./Core/Src/main.o
 .ARM.attributes
                0x0000000000000086       0x34 ./Core/Src/stm32f3xx_hal_msp.o
 .ARM.attributes
                0x00000000000000ba       0x34 ./Core/Src/stm32f3xx_it.o
 .ARM.attributes
                0x00000000000000ee       0x34 ./Core/Src/system_stm32f3xx.o
 .ARM.attributes
                0x0000000000000122       0x21 ./Core/Startup/startup_stm32f303retx.o
 .ARM.attributes
                0x0000000000000143       0x34 ./Drivers/STM32F3xx_HAL_Driver/Src/stm32f3xx_hal.o
 .ARM.attributes
                0x0000000000000177       0x34 ./Drivers/STM32F3xx_HAL_Driver/Src/stm32f3xx_hal_cortex.o
 .ARM.attributes
                0x00000000000001ab       0x34 ./Drivers/STM32F3xx_HAL_Driver/Src/stm32f3xx_hal_pcd.o
 .ARM.attributes
                0x00000000000001df       0x34 ./Drivers/STM32F3xx_HAL_Driver/Src/stm32f3xx_hal_pcd_ex.o
 .ARM.attributes
                0x0000000000000213       0x34 ./Drivers/STM32F3xx_HAL_Driver/Src/stm32f3xx_hal_rcc.o
 .ARM.attributes
                0x0000000000000247       0x34 ./Drivers/STM32F3xx_HAL_Driver/Src/stm32f3xx_hal_rcc_ex.o
 .ARM.attributes
                0x000000000000027b       0x34 ./Drivers/STM32F3xx_HAL_Driver/Src/stm32f3xx_ll_usb.o
 .ARM.attributes
                0x00000000000002af       0x34 ./Middlewares/ST/STM32_USB_Device_Library/Class/CDC/Src/usbd_cdc.o
 .ARM.attributes
                0x00000000000002e3       0x34 ./Middlewares/ST/STM32_USB_Device_Library/Core/Src/usbd_core.o
 .ARM.attributes
                0x0000000000000317       0x34 ./Middlewares/ST/STM32_USB_Device_Library/Core/Src/usbd_ctlreq.o
 .ARM.attributes
                0x000000000000034b       0x34 ./Middlewares/ST/STM32_USB_Device_Library/Core/Src/usbd_ioreq.o
 .ARM.attributes
                0x000000000000037f       0x34 ./USB_DEVICE/App/usb_device.o
 .ARM.attributes
                0x00000000000003b3       0x34 ./USB_DEVICE/App/usbd_cdc_if.o
 .ARM.attributes
                0x00000000000003e7       0x34 ./USB_DEVICE/App/usbd_desc.o
 .ARM.attributes
                0x000000000000041b       0x34 ./USB_DEVICE/Target/usbd_conf.o
 .ARM.attributes
                0x000000000000044f       0x34 c:/st/stm32cubeide_1.10.1/stm32cubeide/plugins/com.st.stm32cube.ide.mcu.externaltools.gnu-tools-for-stm32.10.3-2021.10.win32_1.0.0.202111181127/tools/bin/../lib/gcc/arm-none-eabi/10.3.1/../../../../arm-none-eabi/lib/thumb/v7e-m+fp/hard\libc_nano.a(lib_a-init.o)
 .ARM.attributes
                0x0000000000000483       0x34 c:/st/stm32cubeide_1.10.1/stm32cubeide/plugins/com.st.stm32cube.ide.mcu.externaltools.gnu-tools-for-stm32.10.3-2021.10.win32_1.0.0.202111181127/tools/bin/../lib/gcc/arm-none-eabi/10.3.1/../../../../arm-none-eabi/lib/thumb/v7e-m+fp/hard\libc_nano.a(lib_a-memcpy-stub.o)
 .ARM.attributes
                0x00000000000004b7       0x34 c:/st/stm32cubeide_1.10.1/stm32cubeide/plugins/com.st.stm32cube.ide.mcu.externaltools.gnu-tools-for-stm32.10.3-2021.10.win32_1.0.0.202111181127/tools/bin/../lib/gcc/arm-none-eabi/10.3.1/../../../../arm-none-eabi/lib/thumb/v7e-m+fp/hard\libc_nano.a(lib_a-memset.o)
 .ARM.attributes
                0x00000000000004eb       0x1e c:/st/stm32cubeide_1.10.1/stm32cubeide/plugins/com.st.stm32cube.ide.mcu.externaltools.gnu-tools-for-stm32.10.3-2021.10.win32_1.0.0.202111181127/tools/bin/../lib/gcc/arm-none-eabi/10.3.1/thumb/v7e-m+fp/hard/crtn.o
OUTPUT(STM32_stepper_motor_driver.elf elf32-littlearm)
LOAD linker stubs
LOAD c:/st/stm32cubeide_1.10.1/stm32cubeide/plugins/com.st.stm32cube.ide.mcu.externaltools.gnu-tools-for-stm32.10.3-2021.10.win32_1.0.0.202111181127/tools/bin/../lib/gcc/arm-none-eabi/10.3.1/../../../../arm-none-eabi/lib/thumb/v7e-m+fp/hard\libc.a
LOAD c:/st/stm32cubeide_1.10.1/stm32cubeide/plugins/com.st.stm32cube.ide.mcu.externaltools.gnu-tools-for-stm32.10.3-2021.10.win32_1.0.0.202111181127/tools/bin/../lib/gcc/arm-none-eabi/10.3.1/../../../../arm-none-eabi/lib/thumb/v7e-m+fp/hard\libm.a
LOAD c:/st/stm32cubeide_1.10.1/stm32cubeide/plugins/com.st.stm32cube.ide.mcu.externaltools.gnu-tools-for-stm32.10.3-2021.10.win32_1.0.0.202111181127/tools/bin/../lib/gcc/arm-none-eabi/10.3.1/thumb/v7e-m+fp/hard\libgcc.a

.debug_info     0x0000000000000000     0xd301
 .debug_info    0x0000000000000000      0x557 ./Core/Src/main.o
 .debug_info    0x0000000000000557      0x1aa ./Core/Src/stm32f3xx_hal_msp.o
 .debug_info    0x0000000000000701      0x66e ./Core/Src/stm32f3xx_it.o
 .debug_info    0x0000000000000d6f      0x416 ./Core/Src/system_stm32f3xx.o
 .debug_info    0x0000000000001185       0x22 ./Core/Startup/startup_stm32f303retx.o
 .debug_info    0x00000000000011a7      0x837 ./Drivers/STM32F3xx_HAL_Driver/Src/stm32f3xx_hal.o
 .debug_info    0x00000000000019de      0xdb5 ./Drivers/STM32F3xx_HAL_Driver/Src/stm32f3xx_hal_cortex.o
 .debug_info    0x0000000000002793     0x1728 ./Drivers/STM32F3xx_HAL_Driver/Src/stm32f3xx_hal_pcd.o
 .debug_info    0x0000000000003ebb      0x735 ./Drivers/STM32F3xx_HAL_Driver/Src/stm32f3xx_hal_pcd_ex.o
 .debug_info    0x00000000000045f0     0x1597 ./Drivers/STM32F3xx_HAL_Driver/Src/stm32f3xx_hal_rcc.o
 .debug_info    0x0000000000005b87      0x67f ./Drivers/STM32F3xx_HAL_Driver/Src/stm32f3xx_hal_rcc_ex.o
 .debug_info    0x0000000000006206     0x1658 ./Drivers/STM32F3xx_HAL_Driver/Src/stm32f3xx_ll_usb.o
 .debug_info    0x000000000000785e     0x10fe ./Middlewares/ST/STM32_USB_Device_Library/Class/CDC/Src/usbd_cdc.o
 .debug_info    0x000000000000895c      0xb02 ./Middlewares/ST/STM32_USB_Device_Library/Core/Src/usbd_core.o
 .debug_info    0x000000000000945e      0x9b6 ./Middlewares/ST/STM32_USB_Device_Library/Core/Src/usbd_ctlreq.o
 .debug_info    0x0000000000009e14      0x715 ./Middlewares/ST/STM32_USB_Device_Library/Core/Src/usbd_ioreq.o
 .debug_info    0x000000000000a529      0x679 ./USB_DEVICE/App/usb_device.o
 .debug_info    0x000000000000aba2      0x8b7 ./USB_DEVICE/App/usbd_cdc_if.o
 .debug_info    0x000000000000b459      0x484 ./USB_DEVICE/App/usbd_desc.o
 .debug_info    0x000000000000b8dd     0x1a24 ./USB_DEVICE/Target/usbd_conf.o

.debug_abbrev   0x0000000000000000     0x27da
 .debug_abbrev  0x0000000000000000      0x1c3 ./Core/Src/main.o
 .debug_abbrev  0x00000000000001c3       0xc2 ./Core/Src/stm32f3xx_hal_msp.o
 .debug_abbrev  0x0000000000000285      0x188 ./Core/Src/stm32f3xx_it.o
 .debug_abbrev  0x000000000000040d      0x116 ./Core/Src/system_stm32f3xx.o
 .debug_abbrev  0x0000000000000523       0x12 ./Core/Startup/startup_stm32f303retx.o
 .debug_abbrev  0x0000000000000535      0x20e ./Drivers/STM32F3xx_HAL_Driver/Src/stm32f3xx_hal.o
 .debug_abbrev  0x0000000000000743      0x316 ./Drivers/STM32F3xx_HAL_Driver/Src/stm32f3xx_hal_cortex.o
 .debug_abbrev  0x0000000000000a59      0x2c0 ./Drivers/STM32F3xx_HAL_Driver/Src/stm32f3xx_hal_pcd.o
 .debug_abbrev  0x0000000000000d19      0x17f ./Drivers/STM32F3xx_HAL_Driver/Src/stm32f3xx_hal_pcd_ex.o
 .debug_abbrev  0x0000000000000e98      0x30c ./Drivers/STM32F3xx_HAL_Driver/Src/stm32f3xx_hal_rcc.o
 .debug_abbrev  0x00000000000011a4      0x239 ./Drivers/STM32F3xx_HAL_Driver/Src/stm32f3xx_hal_rcc_ex.o
 .debug_abbrev  0x00000000000013dd      0x22f ./Drivers/STM32F3xx_HAL_Driver/Src/stm32f3xx_ll_usb.o
 .debug_abbrev  0x000000000000160c      0x2c0 ./Middlewares/ST/STM32_USB_Device_Library/Class/CDC/Src/usbd_cdc.o
 .debug_abbrev  0x00000000000018cc      0x236 ./Middlewares/ST/STM32_USB_Device_Library/Core/Src/usbd_core.o
 .debug_abbrev  0x0000000000001b02      0x257 ./Middlewares/ST/STM32_USB_Device_Library/Core/Src/usbd_ctlreq.o
 .debug_abbrev  0x0000000000001d59      0x183 ./Middlewares/ST/STM32_USB_Device_Library/Core/Src/usbd_ioreq.o
 .debug_abbrev  0x0000000000001edc      0x183 ./USB_DEVICE/App/usb_device.o
 .debug_abbrev  0x000000000000205f      0x27c ./USB_DEVICE/App/usbd_cdc_if.o
 .debug_abbrev  0x00000000000022db      0x1fa ./USB_DEVICE/App/usbd_desc.o
 .debug_abbrev  0x00000000000024d5      0x305 ./USB_DEVICE/Target/usbd_conf.o

.debug_aranges  0x0000000000000000      0x9e8
 .debug_aranges
                0x0000000000000000       0x38 ./Core/Src/main.o
 .debug_aranges
                0x0000000000000038       0x20 ./Core/Src/stm32f3xx_hal_msp.o
 .debug_aranges
                0x0000000000000058       0x68 ./Core/Src/stm32f3xx_it.o
 .debug_aranges
                0x00000000000000c0       0x28 ./Core/Src/system_stm32f3xx.o
 .debug_aranges
                0x00000000000000e8       0x28 ./Core/Startup/startup_stm32f303retx.o
 .debug_aranges
                0x0000000000000110       0xe0 ./Drivers/STM32F3xx_HAL_Driver/Src/stm32f3xx_hal.o
 .debug_aranges
                0x00000000000001f0      0x118 ./Drivers/STM32F3xx_HAL_Driver/Src/stm32f3xx_hal_cortex.o
 .debug_aranges
                0x0000000000000308      0x138 ./Drivers/STM32F3xx_HAL_Driver/Src/stm32f3xx_hal_pcd.o
 .debug_aranges
                0x0000000000000440       0x38 ./Drivers/STM32F3xx_HAL_Driver/Src/stm32f3xx_hal_pcd_ex.o
 .debug_aranges
                0x0000000000000478       0x88 ./Drivers/STM32F3xx_HAL_Driver/Src/stm32f3xx_hal_rcc.o
 .debug_aranges
                0x0000000000000500       0x38 ./Drivers/STM32F3xx_HAL_Driver/Src/stm32f3xx_hal_rcc_ex.o
 .debug_aranges
                0x0000000000000538       0xb0 ./Drivers/STM32F3xx_HAL_Driver/Src/stm32f3xx_ll_usb.o
 .debug_aranges
                0x00000000000005e8       0x90 ./Middlewares/ST/STM32_USB_Device_Library/Class/CDC/Src/usbd_cdc.o
 .debug_aranges
                0x0000000000000678       0xb8 ./Middlewares/ST/STM32_USB_Device_Library/Core/Src/usbd_core.o
 .debug_aranges
                0x0000000000000730       0x88 ./Middlewares/ST/STM32_USB_Device_Library/Core/Src/usbd_ctlreq.o
 .debug_aranges
                0x00000000000007b8       0x50 ./Middlewares/ST/STM32_USB_Device_Library/Core/Src/usbd_ioreq.o
 .debug_aranges
                0x0000000000000808       0x20 ./USB_DEVICE/App/usb_device.o
 .debug_aranges
                0x0000000000000828       0x48 ./USB_DEVICE/App/usbd_cdc_if.o
 .debug_aranges
                0x0000000000000870       0x60 ./USB_DEVICE/App/usbd_desc.o
 .debug_aranges
                0x00000000000008d0      0x118 ./USB_DEVICE/Target/usbd_conf.o

.debug_ranges   0x0000000000000000      0x8b0
 .debug_ranges  0x0000000000000000       0x28 ./Core/Src/main.o
 .debug_ranges  0x0000000000000028       0x10 ./Core/Src/stm32f3xx_hal_msp.o
 .debug_ranges  0x0000000000000038       0x58 ./Core/Src/stm32f3xx_it.o
 .debug_ranges  0x0000000000000090       0x18 ./Core/Src/system_stm32f3xx.o
 .debug_ranges  0x00000000000000a8       0x20 ./Core/Startup/startup_stm32f303retx.o
 .debug_ranges  0x00000000000000c8       0xd0 ./Drivers/STM32F3xx_HAL_Driver/Src/stm32f3xx_hal.o
 .debug_ranges  0x0000000000000198      0x108 ./Drivers/STM32F3xx_HAL_Driver/Src/stm32f3xx_hal_cortex.o
 .debug_ranges  0x00000000000002a0      0x128 ./Drivers/STM32F3xx_HAL_Driver/Src/stm32f3xx_hal_pcd.o
 .debug_ranges  0x00000000000003c8       0x28 ./Drivers/STM32F3xx_HAL_Driver/Src/stm32f3xx_hal_pcd_ex.o
 .debug_ranges  0x00000000000003f0       0x78 ./Drivers/STM32F3xx_HAL_Driver/Src/stm32f3xx_hal_rcc.o
 .debug_ranges  0x0000000000000468       0x28 ./Drivers/STM32F3xx_HAL_Driver/Src/stm32f3xx_hal_rcc_ex.o
 .debug_ranges  0x0000000000000490       0xa0 ./Drivers/STM32F3xx_HAL_Driver/Src/stm32f3xx_ll_usb.o
 .debug_ranges  0x0000000000000530       0x80 ./Middlewares/ST/STM32_USB_Device_Library/Class/CDC/Src/usbd_cdc.o
 .debug_ranges  0x00000000000005b0       0xa8 ./Middlewares/ST/STM32_USB_Device_Library/Core/Src/usbd_core.o
 .debug_ranges  0x0000000000000658       0x78 ./Middlewares/ST/STM32_USB_Device_Library/Core/Src/usbd_ctlreq.o
 .debug_ranges  0x00000000000006d0       0x40 ./Middlewares/ST/STM32_USB_Device_Library/Core/Src/usbd_ioreq.o
 .debug_ranges  0x0000000000000710       0x10 ./USB_DEVICE/App/usb_device.o
 .debug_ranges  0x0000000000000720       0x38 ./USB_DEVICE/App/usbd_cdc_if.o
 .debug_ranges  0x0000000000000758       0x50 ./USB_DEVICE/App/usbd_desc.o
 .debug_ranges  0x00000000000007a8      0x108 ./USB_DEVICE/Target/usbd_conf.o

.debug_macro    0x0000000000000000    0x21f4d
 .debug_macro   0x0000000000000000      0x412 ./Core/Src/main.o
 .debug_macro   0x0000000000000412      0xa78 ./Core/Src/main.o
 .debug_macro   0x0000000000000e8a      0x151 ./Core/Src/main.o
 .debug_macro   0x0000000000000fdb       0x2e ./Core/Src/main.o
 .debug_macro   0x0000000000001009       0x28 ./Core/Src/main.o
 .debug_macro   0x0000000000001031       0x22 ./Core/Src/main.o
 .debug_macro   0x0000000000001053       0x8e ./Core/Src/main.o
 .debug_macro   0x00000000000010e1       0x51 ./Core/Src/main.o
 .debug_macro   0x0000000000001132      0x103 ./Core/Src/main.o
 .debug_macro   0x0000000000001235       0x6a ./Core/Src/main.o
 .debug_macro   0x000000000000129f      0x1df ./Core/Src/main.o
 .debug_macro   0x000000000000147e       0x1c ./Core/Src/main.o
 .debug_macro   0x000000000000149a       0x22 ./Core/Src/main.o
 .debug_macro   0x00000000000014bc       0xd9 ./Core/Src/main.o
 .debug_macro   0x0000000000001595     0x102d ./Core/Src/main.o
 .debug_macro   0x00000000000025c2      0x11f ./Core/Src/main.o
 .debug_macro   0x00000000000026e1    0x1535a ./Core/Src/main.o
 .debug_macro   0x0000000000017a3b       0x6d ./Core/Src/main.o
 .debug_macro   0x0000000000017aa8     0x3540 ./Core/Src/main.o
 .debug_macro   0x000000000001afe8      0x174 ./Core/Src/main.o
 .debug_macro   0x000000000001b15c       0x55 ./Core/Src/main.o
 .debug_macro   0x000000000001b1b1      0x954 ./Core/Src/main.o
 .debug_macro   0x000000000001bb05      0x84a ./Core/Src/main.o
 .debug_macro   0x000000000001c34f      0x1b6 ./Core/Src/main.o
 .debug_macro   0x000000000001c505      0x23a ./Core/Src/main.o
 .debug_macro   0x000000000001c73f      0x1ea ./Core/Src/main.o
 .debug_macro   0x000000000001c929      0x1bc ./Core/Src/main.o
 .debug_macro   0x000000000001cae5       0x30 ./Core/Src/main.o
 .debug_macro   0x000000000001cb15       0x3c ./Core/Src/main.o
 .debug_macro   0x000000000001cb51      0x236 ./Core/Src/main.o
 .debug_macro   0x000000000001cd87       0xc5 ./Core/Src/main.o
 .debug_macro   0x000000000001ce4c      0x21d ./Core/Src/main.o
 .debug_macro   0x000000000001d069      0x22c ./Core/Src/main.o
 .debug_macro   0x000000000001d295       0x5b ./Core/Src/main.o
 .debug_macro   0x000000000001d2f0       0xa5 ./Core/Src/main.o
 .debug_macro   0x000000000001d395       0x65 ./Core/Src/main.o
 .debug_macro   0x000000000001d3fa      0x249 ./Core/Src/main.o
 .debug_macro   0x000000000001d643       0x81 ./Core/Src/main.o
 .debug_macro   0x000000000001d6c4       0xd3 ./Core/Src/main.o
 .debug_macro   0x000000000001d797      0x347 ./Core/Src/main.o
 .debug_macro   0x000000000001dade       0x52 ./Core/Src/main.o
 .debug_macro   0x000000000001db30       0x1e ./Core/Src/main.o
 .debug_macro   0x000000000001db4e       0x3c ./Core/Src/main.o
 .debug_macro   0x000000000001db8a       0x34 ./Core/Src/main.o
 .debug_macro   0x000000000001dbbe       0x16 ./Core/Src/main.o
 .debug_macro   0x000000000001dbd4       0x35 ./Core/Src/main.o
 .debug_macro   0x000000000001dc09      0x341 ./Core/Src/main.o
 .debug_macro   0x000000000001df4a       0x10 ./Core/Src/main.o
 .debug_macro   0x000000000001df5a       0x16 ./Core/Src/main.o
 .debug_macro   0x000000000001df70       0x43 ./Core/Src/main.o
 .debug_macro   0x000000000001dfb3       0x34 ./Core/Src/main.o
 .debug_macro   0x000000000001dfe7       0x10 ./Core/Src/main.o
 .debug_macro   0x000000000001dff7       0x58 ./Core/Src/main.o
 .debug_macro   0x000000000001e04f       0x71 ./Core/Src/main.o
 .debug_macro   0x000000000001e0c0       0x1c ./Core/Src/main.o
 .debug_macro   0x000000000001e0dc      0x12a ./Core/Src/main.o
 .debug_macro   0x000000000001e206       0x10 ./Core/Src/main.o
 .debug_macro   0x000000000001e216       0x1c ./Core/Src/main.o
 .debug_macro   0x000000000001e232       0x52 ./Core/Src/main.o
 .debug_macro   0x000000000001e284       0x22 ./Core/Src/main.o
 .debug_macro   0x000000000001e2a6       0x10 ./Core/Src/main.o
 .debug_macro   0x000000000001e2b6       0x52 ./Core/Src/main.o
 .debug_macro   0x000000000001e308       0xd5 ./Core/Src/main.o
 .debug_macro   0x000000000001e3dd       0x1c ./Core/Src/main.o
 .debug_macro   0x000000000001e3f9       0x3d ./Core/Src/main.o
 .debug_macro   0x000000000001e436       0x16 ./Core/Src/main.o
 .debug_macro   0x000000000001e44c      0x145 ./Core/Src/main.o
 .debug_macro   0x000000000001e591       0x16 ./Core/Src/main.o
 .debug_macro   0x000000000001e5a7       0x16 ./Core/Src/main.o
 .debug_macro   0x000000000001e5bd       0x29 ./Core/Src/main.o
 .debug_macro   0x000000000001e5e6       0x16 ./Core/Src/main.o
 .debug_macro   0x000000000001e5fc       0x20 ./Core/Src/main.o
 .debug_macro   0x000000000001e61c       0x59 ./Core/Src/main.o
 .debug_macro   0x000000000001e675      0x1c8 ./Core/Src/main.o
 .debug_macro   0x000000000001e83d       0x8f ./Core/Src/main.o
 .debug_macro   0x000000000001e8cc       0x10 ./Core/Src/main.o
 .debug_macro   0x000000000001e8dc      0x1dd ./Core/Src/stm32f3xx_hal_msp.o
 .debug_macro   0x000000000001eab9      0x1e7 ./Core/Src/stm32f3xx_it.o
 .debug_macro   0x000000000001eca0      0x1d3 ./Core/Src/system_stm32f3xx.o
 .debug_macro   0x000000000001ee73      0x1f7 ./Drivers/STM32F3xx_HAL_Driver/Src/stm32f3xx_hal.o
 .debug_macro   0x000000000001f06a      0x1d3 ./Drivers/STM32F3xx_HAL_Driver/Src/stm32f3xx_hal_cortex.o
 .debug_macro   0x000000000001f23d      0x1df ./Drivers/STM32F3xx_HAL_Driver/Src/stm32f3xx_hal_pcd.o
 .debug_macro   0x000000000001f41c      0x1d3 ./Drivers/STM32F3xx_HAL_Driver/Src/stm32f3xx_hal_pcd_ex.o
 .debug_macro   0x000000000001f5ef      0x1f7 ./Drivers/STM32F3xx_HAL_Driver/Src/stm32f3xx_hal_rcc.o
 .debug_macro   0x000000000001f7e6      0x1d3 ./Drivers/STM32F3xx_HAL_Driver/Src/stm32f3xx_hal_rcc_ex.o
 .debug_macro   0x000000000001f9b9      0x1d3 ./Drivers/STM32F3xx_HAL_Driver/Src/stm32f3xx_ll_usb.o
 .debug_macro   0x000000000001fb8c      0x3f3 ./Middlewares/ST/STM32_USB_Device_Library/Class/CDC/Src/usbd_cdc.o
 .debug_macro   0x000000000001ff7f       0x97 ./Middlewares/ST/STM32_USB_Device_Library/Class/CDC/Src/usbd_cdc.o
 .debug_macro   0x0000000000020016       0xfd ./Middlewares/ST/STM32_USB_Device_Library/Class/CDC/Src/usbd_cdc.o
 .debug_macro   0x0000000000020113       0x4f ./Middlewares/ST/STM32_USB_Device_Library/Class/CDC/Src/usbd_cdc.o
 .debug_macro   0x0000000000020162      0x3da ./Middlewares/ST/STM32_USB_Device_Library/Core/Src/usbd_core.o
 .debug_macro   0x000000000002053c      0x1ce ./Middlewares/ST/STM32_USB_Device_Library/Core/Src/usbd_core.o
 .debug_macro   0x000000000002070a      0x3e4 ./Middlewares/ST/STM32_USB_Device_Library/Core/Src/usbd_ctlreq.o
 .debug_macro   0x0000000000020aee      0x3e0 ./Middlewares/ST/STM32_USB_Device_Library/Core/Src/usbd_ioreq.o
 .debug_macro   0x0000000000020ece      0x419 ./USB_DEVICE/App/usb_device.o
 .debug_macro   0x00000000000212e7       0x22 ./USB_DEVICE/App/usb_device.o
 .debug_macro   0x0000000000021309       0x16 ./USB_DEVICE/App/usb_device.o
 .debug_macro   0x000000000002131f      0x3fe ./USB_DEVICE/App/usbd_cdc_if.o
 .debug_macro   0x000000000002171d      0x417 ./USB_DEVICE/App/usbd_desc.o
 .debug_macro   0x0000000000021b34       0x1c ./USB_DEVICE/App/usbd_desc.o
 .debug_macro   0x0000000000021b50      0x3fd ./USB_DEVICE/Target/usbd_conf.o

.debug_line     0x0000000000000000     0xe4e4
 .debug_line    0x0000000000000000      0xaa2 ./Core/Src/main.o
 .debug_line    0x0000000000000aa2      0x6c9 ./Core/Src/stm32f3xx_hal_msp.o
 .debug_line    0x000000000000116b      0x7a4 ./Core/Src/stm32f3xx_it.o
 .debug_line    0x000000000000190f      0x745 ./Core/Src/system_stm32f3xx.o
 .debug_line    0x0000000000002054       0x88 ./Core/Startup/startup_stm32f303retx.o
 .debug_line    0x00000000000020dc      0x975 ./Drivers/STM32F3xx_HAL_Driver/Src/stm32f3xx_hal.o
 .debug_line    0x0000000000002a51      0xc3a ./Drivers/STM32F3xx_HAL_Driver/Src/stm32f3xx_hal_cortex.o
 .debug_line    0x000000000000368b     0x129e ./Drivers/STM32F3xx_HAL_Driver/Src/stm32f3xx_hal_pcd.o
 .debug_line    0x0000000000004929      0x743 ./Drivers/STM32F3xx_HAL_Driver/Src/stm32f3xx_hal_pcd_ex.o
 .debug_line    0x000000000000506c     0x136a ./Drivers/STM32F3xx_HAL_Driver/Src/stm32f3xx_hal_rcc.o
 .debug_line    0x00000000000063d6      0xe91 ./Drivers/STM32F3xx_HAL_Driver/Src/stm32f3xx_hal_rcc_ex.o
 .debug_line    0x0000000000007267      0xf17 ./Drivers/STM32F3xx_HAL_Driver/Src/stm32f3xx_ll_usb.o
 .debug_line    0x000000000000817e      0xd54 ./Middlewares/ST/STM32_USB_Device_Library/Class/CDC/Src/usbd_cdc.o
 .debug_line    0x0000000000008ed2      0xdd4 ./Middlewares/ST/STM32_USB_Device_Library/Core/Src/usbd_core.o
 .debug_line    0x0000000000009ca6      0xff6 ./Middlewares/ST/STM32_USB_Device_Library/Core/Src/usbd_ctlreq.o
 .debug_line    0x000000000000ac9c      0xa6a ./Middlewares/ST/STM32_USB_Device_Library/Core/Src/usbd_ioreq.o
 .debug_line    0x000000000000b706      0xa2a ./USB_DEVICE/App/usb_device.o
 .debug_line    0x000000000000c130      0xaaf ./USB_DEVICE/App/usbd_cdc_if.o
 .debug_line    0x000000000000cbdf      0xaf3 ./USB_DEVICE/App/usbd_desc.o
 .debug_line    0x000000000000d6d2      0xe12 ./USB_DEVICE/Target/usbd_conf.o

.debug_str      0x0000000000000000    0xbfa53
 .debug_str     0x0000000000000000    0xbd084 ./Core/Src/main.o
                                      0xbd775 (size before relaxing)
 .debug_str     0x00000000000bd084       0x2c ./Core/Src/stm32f3xx_hal_msp.o
                                      0xb8836 (size before relaxing)
 .debug_str     0x00000000000bd0b0      0x438 ./Core/Src/stm32f3xx_it.o
                                      0xb8c34 (size before relaxing)
 .debug_str     0x00000000000bd4e8       0xdf ./Core/Src/system_stm32f3xx.o
                                      0xb88f4 (size before relaxing)
 .debug_str     0x00000000000bd5c7       0x36 ./Core/Startup/startup_stm32f303retx.o
                                         0x84 (size before relaxing)
 .debug_str     0x00000000000bd5fd      0x71d ./Drivers/STM32F3xx_HAL_Driver/Src/stm32f3xx_hal.o
                                      0xb919d (size before relaxing)
 .debug_str     0x00000000000bdd1a      0x35a ./Drivers/STM32F3xx_HAL_Driver/Src/stm32f3xx_hal_cortex.o
                                      0xb91ef (size before relaxing)
 .debug_str     0x00000000000be074      0x52c ./Drivers/STM32F3xx_HAL_Driver/Src/stm32f3xx_hal_pcd.o
                                      0xb9107 (size before relaxing)
 .debug_str     0x00000000000be5a0      0x170 ./Drivers/STM32F3xx_HAL_Driver/Src/stm32f3xx_hal_pcd_ex.o
                                      0xb8d00 (size before relaxing)
 .debug_str     0x00000000000be710      0x33d ./Drivers/STM32F3xx_HAL_Driver/Src/stm32f3xx_hal_rcc.o
                                      0xb8d98 (size before relaxing)
 .debug_str     0x00000000000bea4d       0xbe ./Drivers/STM32F3xx_HAL_Driver/Src/stm32f3xx_hal_rcc_ex.o
                                      0xb8be2 (size before relaxing)
 .debug_str     0x00000000000beb0b       0xdd ./Drivers/STM32F3xx_HAL_Driver/Src/stm32f3xx_ll_usb.o
                                      0xb8c6b (size before relaxing)
 .debug_str     0x00000000000bebe8      0x63d ./Middlewares/ST/STM32_USB_Device_Library/Class/CDC/Src/usbd_cdc.o
                                      0xbdda8 (size before relaxing)
 .debug_str     0x00000000000bf225      0x288 ./Middlewares/ST/STM32_USB_Device_Library/Core/Src/usbd_core.o
                                      0xbd6d2 (size before relaxing)
 .debug_str     0x00000000000bf4ad      0x120 ./Middlewares/ST/STM32_USB_Device_Library/Core/Src/usbd_ctlreq.o
                                      0xbd5ec (size before relaxing)
 .debug_str     0x00000000000bf5cd       0x51 ./Middlewares/ST/STM32_USB_Device_Library/Core/Src/usbd_ioreq.o
                                      0xbd519 (size before relaxing)
 .debug_str     0x00000000000bf61e       0xc6 ./USB_DEVICE/App/usb_device.o
                                      0xbd8a4 (size before relaxing)
 .debug_str     0x00000000000bf6e4       0x9f ./USB_DEVICE/App/usbd_cdc_if.o
                                      0xbd8ea (size before relaxing)
 .debug_str     0x00000000000bf783      0x258 ./USB_DEVICE/App/usbd_desc.o
                                      0xbd455 (size before relaxing)
 .debug_str     0x00000000000bf9db       0x78 ./USB_DEVICE/Target/usbd_conf.o
                                      0xbe511 (size before relaxing)

.comment        0x0000000000000000       0x50
 .comment       0x0000000000000000       0x50 ./Core/Src/main.o
                                         0x51 (size before relaxing)
 .comment       0x0000000000000050       0x51 ./Core/Src/stm32f3xx_hal_msp.o
 .comment       0x0000000000000050       0x51 ./Core/Src/stm32f3xx_it.o
 .comment       0x0000000000000050       0x51 ./Core/Src/system_stm32f3xx.o
 .comment       0x0000000000000050       0x51 ./Drivers/STM32F3xx_HAL_Driver/Src/stm32f3xx_hal.o
 .comment       0x0000000000000050       0x51 ./Drivers/STM32F3xx_HAL_Driver/Src/stm32f3xx_hal_cortex.o
 .comment       0x0000000000000050       0x51 ./Drivers/STM32F3xx_HAL_Driver/Src/stm32f3xx_hal_pcd.o
 .comment       0x0000000000000050       0x51 ./Drivers/STM32F3xx_HAL_Driver/Src/stm32f3xx_hal_pcd_ex.o
 .comment       0x0000000000000050       0x51 ./Drivers/STM32F3xx_HAL_Driver/Src/stm32f3xx_hal_rcc.o
 .comment       0x0000000000000050       0x51 ./Drivers/STM32F3xx_HAL_Driver/Src/stm32f3xx_hal_rcc_ex.o
 .comment       0x0000000000000050       0x51 ./Drivers/STM32F3xx_HAL_Driver/Src/stm32f3xx_ll_usb.o
 .comment       0x0000000000000050       0x51 ./Middlewares/ST/STM32_USB_Device_Library/Class/CDC/Src/usbd_cdc.o
 .comment       0x0000000000000050       0x51 ./Middlewares/ST/STM32_USB_Device_Library/Core/Src/usbd_core.o
 .comment       0x0000000000000050       0x51 ./Middlewares/ST/STM32_USB_Device_Library/Core/Src/usbd_ctlreq.o
 .comment       0x0000000000000050       0x51 ./Middlewares/ST/STM32_USB_Device_Library/Core/Src/usbd_ioreq.o
 .comment       0x0000000000000050       0x51 ./USB_DEVICE/App/usb_device.o
 .comment       0x0000000000000050       0x51 ./USB_DEVICE/App/usbd_cdc_if.o
 .comment       0x0000000000000050       0x51 ./USB_DEVICE/App/usbd_desc.o
 .comment       0x0000000000000050       0x51 ./USB_DEVICE/Target/usbd_conf.o

.debug_frame    0x0000000000000000     0x260c
 .debug_frame   0x0000000000000000       0x94 ./Core/Src/main.o
 .debug_frame   0x0000000000000094       0x38 ./Core/Src/stm32f3xx_hal_msp.o
 .debug_frame   0x00000000000000cc      0x120 ./Core/Src/stm32f3xx_it.o
 .debug_frame   0x00000000000001ec       0x58 ./Core/Src/system_stm32f3xx.o
 .debug_frame   0x0000000000000244      0x334 ./Drivers/STM32F3xx_HAL_Driver/Src/stm32f3xx_hal.o
 .debug_frame   0x0000000000000578      0x498 ./Drivers/STM32F3xx_HAL_Driver/Src/stm32f3xx_hal_cortex.o
 .debug_frame   0x0000000000000a10      0x578 ./Drivers/STM32F3xx_HAL_Driver/Src/stm32f3xx_hal_pcd.o
 .debug_frame   0x0000000000000f88       0xb0 ./Drivers/STM32F3xx_HAL_Driver/Src/stm32f3xx_hal_pcd_ex.o
 .debug_frame   0x0000000000001038      0x214 ./Drivers/STM32F3xx_HAL_Driver/Src/stm32f3xx_hal_rcc.o
 .debug_frame   0x000000000000124c       0xb4 ./Drivers/STM32F3xx_HAL_Driver/Src/stm32f3xx_hal_rcc_ex.o
 .debug_frame   0x0000000000001300      0x310 ./Drivers/STM32F3xx_HAL_Driver/Src/stm32f3xx_ll_usb.o
 .debug_frame   0x0000000000001610      0x248 ./Middlewares/ST/STM32_USB_Device_Library/Class/CDC/Src/usbd_cdc.o
 .debug_frame   0x0000000000001858      0x300 ./Middlewares/ST/STM32_USB_Device_Library/Core/Src/usbd_core.o
 .debug_frame   0x0000000000001b58      0x218 ./Middlewares/ST/STM32_USB_Device_Library/Core/Src/usbd_ctlreq.o
 .debug_frame   0x0000000000001d70      0x10c ./Middlewares/ST/STM32_USB_Device_Library/Core/Src/usbd_ioreq.o
 .debug_frame   0x0000000000001e7c       0x2c ./USB_DEVICE/App/usb_device.o
 .debug_frame   0x0000000000001ea8       0xec ./USB_DEVICE/App/usbd_cdc_if.o
 .debug_frame   0x0000000000001f94      0x160 ./USB_DEVICE/App/usbd_desc.o
 .debug_frame   0x00000000000020f4      0x4a4 ./USB_DEVICE/Target/usbd_conf.o
 .debug_frame   0x0000000000002598       0x2c c:/st/stm32cubeide_1.10.1/stm32cubeide/plugins/com.st.stm32cube.ide.mcu.externaltools.gnu-tools-for-stm32.10.3-2021.10.win32_1.0.0.202111181127/tools/bin/../lib/gcc/arm-none-eabi/10.3.1/../../../../arm-none-eabi/lib/thumb/v7e-m+fp/hard\libc_nano.a(lib_a-init.o)
 .debug_frame   0x00000000000025c4       0x28 c:/st/stm32cubeide_1.10.1/stm32cubeide/plugins/com.st.stm32cube.ide.mcu.externaltools.gnu-tools-for-stm32.10.3-2021.10.win32_1.0.0.202111181127/tools/bin/../lib/gcc/arm-none-eabi/10.3.1/../../../../arm-none-eabi/lib/thumb/v7e-m+fp/hard\libc_nano.a(lib_a-memcpy-stub.o)
 .debug_frame   0x00000000000025ec       0x20 c:/st/stm32cubeide_1.10.1/stm32cubeide/plugins/com.st.stm32cube.ide.mcu.externaltools.gnu-tools-for-stm32.10.3-2021.10.win32_1.0.0.202111181127/tools/bin/../lib/gcc/arm-none-eabi/10.3.1/../../../../arm-none-eabi/lib/thumb/v7e-m+fp/hard\libc_nano.a(lib_a-memset.o)
